2026-07-13 22:14:43,696 [INFO] Activator:176 - 


2026-07-13 22:14:43,701 [INFO] Activator:177 - !SESSION log4j initialized
2026-07-13 22:14:49,058 [INFO] LogOutputStream:77 - [STDOUT_REDIRECT] 
2026-07-13 22:14:51,295 [INFO] ApplicationProperties:184 - Using Application install path: C:\ST\STM32CubeIDE_1.19.0\STM32CubeIDE\plugins\com.st.stm32cube.common.mx_6.15.0.202507011659
2026-07-13 22:14:51,314 [INFO] DbMcusXml:78 - Set database path to: C:\ST\STM32CubeIDE_1.19.0\STM32CubeIDE\plugins\com.st.stm32cube.common.mx_6.15.0.202507011659\\db\/mcu/
2026-07-13 22:14:51,314 [INFO] ApiDb:274 - Set plugin database path to: C:\ST\STM32CubeIDE_1.19.0\STM32CubeIDE\plugins\com.st.stm32cube.common.mx_6.15.0.202507011659\\db\/plugins/boardmanager/
2026-07-13 22:14:51,314 [WARN] ApiDb:259 - Overriding images path with different value:  => C:\ST\STM32CubeIDE_1.19.0\STM32CubeIDE\plugins\com.st.stm32cube.common.mx_6.15.0.202507011659\\db\/plugins/mcufinder/images/
2026-07-13 22:14:51,322 [INFO] ApiDb:250 - Set database path to: C:\Users\HP\.stmcufinder\plugins\mcufinder//mcu/
2026-07-13 22:14:51,323 [INFO] DbMcusAds:125 - Set database path to: C:\Users\HP\.stmcufinder\plugins\mcufinder//mcu/
2026-07-13 22:14:51,326 [INFO] CrossReferenceDbSqlite:203 - Set database path to: C:\Users\HP\.stmcufinder\plugins\mcufinder//mcu/cs/
2026-07-13 22:14:51,431 [INFO] RulesReader:64 - Compatibility file has been processed (317 Rules)
2026-07-13 22:14:51,507 [INFO] DbMcusXml:78 - Set database path to: C:\ST\STM32CubeIDE_1.19.0\STM32CubeIDE\plugins\com.st.stm32cube.common.mx_6.15.0.202507011659\\db\/mcu/
2026-07-13 22:14:51,507 [INFO] ApiDb:274 - Set plugin database path to: C:\ST\STM32CubeIDE_1.19.0\STM32CubeIDE\plugins\com.st.stm32cube.common.mx_6.15.0.202507011659\\db\/plugins/boardmanager/
2026-07-13 22:14:51,507 [INFO] ApiDb:261 - Set plugin images path to: C:\ST\STM32CubeIDE_1.19.0\STM32CubeIDE\plugins\com.st.stm32cube.common.mx_6.15.0.202507011659\\db\/plugins/mcufinder/images/
2026-07-13 22:14:51,507 [WARN] DbFile:41 - Overriding database path with different value: C:\Users\HP\.stmcufinder\plugins\mcufinder/ => C:\Users\HP\.stmcufinder\plugins\mcufinder
2026-07-13 22:14:51,507 [INFO] ApiDb:250 - Set database path to: C:\Users\HP\.stmcufinder\plugins\mcufinder//mcu/
2026-07-13 22:14:51,508 [WARN] DbFile:41 - Overriding database path with different value: C:\Users\HP\.stmcufinder\plugins\mcufinder/ => C:\Users\HP\.stmcufinder\plugins\mcufinder
2026-07-13 22:14:51,508 [INFO] DbMcusAds:125 - Set database path to: C:\Users\HP\.stmcufinder\plugins\mcufinder//mcu/
2026-07-13 22:14:51,508 [WARN] DbFile:41 - Overriding database path with different value: C:\Users\HP\.stmcufinder\plugins\mcufinder/ => C:\Users\HP\.stmcufinder\plugins\mcufinder
2026-07-13 22:14:51,508 [WARN] DbFile:41 - Overriding database path with different value: C:\Users\HP\.stmcufinder\plugins\mcufinder/ => C:\Users\HP\.stmcufinder\plugins\mcufinder
2026-07-13 22:14:51,508 [INFO] CrossReferenceDbSqlite:203 - Set database path to: C:\Users\HP\.stmcufinder\plugins\mcufinder//mcu/cs/
2026-07-13 22:14:51,578 [INFO] MainPanel:274 - HeapMemory: 268435456
2026-07-13 22:14:51,671 [INFO] DbMcusXml:78 - Set database path to: C:\ST\STM32CubeIDE_1.19.0\STM32CubeIDE\plugins\com.st.stm32cube.common.mx_6.15.0.202507011659\\db\/mcu/
2026-07-13 22:14:51,671 [INFO] ApiDb:274 - Set plugin database path to: C:\ST\STM32CubeIDE_1.19.0\STM32CubeIDE\plugins\com.st.stm32cube.common.mx_6.15.0.202507011659\\db\/plugins/boardmanager/
2026-07-13 22:14:51,671 [INFO] ApiDb:261 - Set plugin images path to: C:\ST\STM32CubeIDE_1.19.0\STM32CubeIDE\plugins\com.st.stm32cube.common.mx_6.15.0.202507011659\\db\/plugins/mcufinder/images/
2026-07-13 22:14:51,671 [WARN] DbFile:41 - Overriding database path with different value: C:\Users\HP\.stmcufinder\plugins\mcufinder/ => C:\Users\HP\.stmcufinder\plugins\mcufinder
2026-07-13 22:14:51,671 [INFO] ApiDb:250 - Set database path to: C:\Users\HP\.stmcufinder\plugins\mcufinder//mcu/
2026-07-13 22:14:51,671 [WARN] DbFile:41 - Overriding database path with different value: C:\Users\HP\.stmcufinder\plugins\mcufinder/ => C:\Users\HP\.stmcufinder\plugins\mcufinder
2026-07-13 22:14:51,671 [INFO] DbMcusAds:125 - Set database path to: C:\Users\HP\.stmcufinder\plugins\mcufinder//mcu/
2026-07-13 22:14:51,671 [WARN] DbFile:41 - Overriding database path with different value: C:\Users\HP\.stmcufinder\plugins\mcufinder/ => C:\Users\HP\.stmcufinder\plugins\mcufinder
2026-07-13 22:14:51,671 [WARN] DbFile:41 - Overriding database path with different value: C:\Users\HP\.stmcufinder\plugins\mcufinder/ => C:\Users\HP\.stmcufinder\plugins\mcufinder
2026-07-13 22:14:51,671 [INFO] CrossReferenceDbSqlite:203 - Set database path to: C:\Users\HP\.stmcufinder\plugins\mcufinder//mcu/cs/
2026-07-13 22:14:51,687 [INFO] ApplicationProperties:184 - Using Application install path: C:\ST\STM32CubeIDE_1.19.0\STM32CubeIDE\plugins\com.st.stm32cube.common.mx_6.15.0.202507011659
2026-07-13 22:14:51,688 [INFO] PluginManage:196 - Search for loadable plugins [exclusion list=, ]
2026-07-13 22:14:51,690 [INFO] PluginManage:310 - Check plugin analytics
2026-07-13 22:14:51,890 [INFO] AnalyticsPlugin:253 - Accepted Software Licenses: 
2026-07-13 22:14:51,890 [INFO] AnalyticsPlugin:255 - Accepted CMSIS Pack Licenses: 
2026-07-13 22:14:51,890 [INFO] AnalyticsPlugin:257 - Accepted Firmware Licenses: FW.F4.1.28.0
2026-07-13 22:14:51,894 [INFO] PluginManage:359 - Loaded plugin analytics (category:tool,tabindex:-1)
2026-07-13 22:14:51,895 [INFO] PluginManage:310 - Check plugin cadmodel
2026-07-13 22:14:51,901 [INFO] CADModel:105 - Init CAD model plugin
2026-07-13 22:14:51,901 [INFO] PluginManage:359 - Loaded plugin cadmodel (category:power,tabindex:5)
2026-07-13 22:14:51,901 [INFO] PluginManage:310 - Check plugin clock
2026-07-13 22:14:51,911 [INFO] PluginManage:359 - Loaded plugin clock (category:base,tabindex:2)
2026-07-13 22:14:51,911 [INFO] PluginManage:310 - Check plugin ddr
2026-07-13 22:14:51,913 [INFO] PluginManage:359 - Loaded plugin ddr (category:tool,tabindex:6)
2026-07-13 22:14:51,913 [INFO] PluginManage:310 - Check plugin filemanager
2026-07-13 22:14:52,043 [INFO] PluginManage:359 - Loaded plugin filemanager (category:base,tabindex:10)
2026-07-13 22:14:52,044 [INFO] PluginManage:310 - Check plugin ipmanager
2026-07-13 22:14:52,050 [INFO] PluginManage:359 - Loaded plugin ipmanager (category:base,tabindex:5)
2026-07-13 22:14:52,050 [INFO] PluginManage:310 - Check plugin lpbam
2026-07-13 22:14:52,056 [INFO] PluginManage:359 - Loaded plugin lpbam (category:base,tabindex:0)
2026-07-13 22:14:52,057 [INFO] PluginManage:310 - Check plugin memorymap
2026-07-13 22:14:52,070 [INFO] PluginManage:359 - Loaded plugin memorymap (category:base,tabindex:4)
2026-07-13 22:14:52,070 [INFO] PluginManage:310 - Check plugin pinoutandconfiguration
2026-07-13 22:14:52,078 [INFO] PluginManage:359 - Loaded plugin pinoutandconfiguration (category:base,tabindex:1)
2026-07-13 22:14:52,078 [INFO] PluginManage:310 - Check plugin pinoutconfig
2026-07-13 22:14:52,157 [WARN] SupportedApi:132 - Cannot load RTOS API schema: s4s-elt-must-match.1: The content of 'definitions' must match (annotation?, (simpleType | complexType)?, (unique | key | keyref)*)). A problem was found starting at: attribute.
2026-07-13 22:14:52,264 [INFO] PluginManage:359 - Loaded plugin pinoutconfig (category:base,tabindex:0)
2026-07-13 22:14:52,264 [INFO] PluginManage:310 - Check plugin power
2026-07-13 22:14:52,272 [INFO] PluginManage:359 - Loaded plugin power (category:power,tabindex:4)
2026-07-13 22:14:52,273 [INFO] PluginManage:310 - Check plugin projectmanager
2026-07-13 22:14:52,287 [INFO] PluginManage:359 - Loaded plugin projectmanager (category:projectmanager,tabindex:4)
2026-07-13 22:14:52,287 [INFO] PluginManage:310 - Check plugin rif
2026-07-13 22:14:52,295 [INFO] PluginManage:359 - Loaded plugin rif (category:base,tabindex:3)
2026-07-13 22:14:52,295 [INFO] PluginManage:310 - Check plugin thirdparty
2026-07-13 22:14:52,402 [WARN] IntegrityCheckThread:84 - waiting for thirdparty lock release [integrity check]
2026-07-13 22:14:52,403 [INFO] PluginManage:359 - Loaded plugin thirdparty (category:base,tabindex:-1)
2026-07-13 22:14:52,403 [INFO] IntegrityCheckThread:86 - entering critical section [integrity check]
2026-07-13 22:14:52,403 [INFO] ThirdPartyUpdaterWithRetryManager:70 - Updater plugin not ready yet. [1/15]
2026-07-13 22:14:52,403 [INFO] PluginManage:310 - Check plugin tools
2026-07-13 22:14:52,406 [INFO] PluginManage:359 - Loaded plugin tools (category:base,tabindex:7)
2026-07-13 22:14:52,406 [INFO] PluginManage:310 - Check plugin tutovideos
2026-07-13 22:14:52,568 [INFO] PluginManage:359 - Loaded plugin tutovideos (category:base,tabindex:-1)
2026-07-13 22:14:52,568 [INFO] PluginManage:310 - Check plugin updater
2026-07-13 22:14:52,589 [INFO] PluginManage:359 - Loaded plugin updater (category:base,tabindex:12)
2026-07-13 22:14:52,589 [INFO] PluginManage:310 - Check plugin userauth
2026-07-13 22:14:52,593 [INFO] UserAuth:118 - Init User Auth plugin
2026-07-13 22:14:52,593 [INFO] PluginManage:359 - Loaded plugin userauth (category:base,tabindex:14)
2026-07-13 22:14:52,593 [INFO] PluginManage:283 - PluginManage : Loaded plugins [18]
2026-07-13 22:14:52,780 [INFO] PinOutPanel:1589 - setPackage(No Configuration,No Configuration)
2026-07-13 22:14:52,910 [INFO] CADModel:165 - CPN selected for project level
2026-07-13 22:14:52,911 [INFO] CADModel:114 - Register for checkConnection events
2026-07-13 22:14:52,937 [INFO] IPUIPlugin:80 - create IPUIPlugin
2026-07-13 22:14:52,937 [INFO] PluginManager:220 - loadIPPluginJar : add adc
2026-07-13 22:14:52,941 [INFO] IPUIPlugin:80 - create IPUIPlugin
2026-07-13 22:14:52,941 [INFO] PluginManager:220 - loadIPPluginJar : add aes
2026-07-13 22:14:52,944 [INFO] IPUIPlugin:80 - create IPUIPlugin
2026-07-13 22:14:52,945 [INFO] PluginManager:220 - loadIPPluginJar : add can
2026-07-13 22:14:52,947 [INFO] IPUIPlugin:80 - create IPUIPlugin
2026-07-13 22:14:52,947 [INFO] PluginManager:220 - loadIPPluginJar : add comp
2026-07-13 22:14:52,951 [INFO] IPUIPlugin:80 - create IPUIPlugin
2026-07-13 22:14:52,951 [INFO] PluginManager:220 - loadIPPluginJar : add cryp
2026-07-13 22:14:52,956 [INFO] IPUIPlugin:80 - create IPUIPlugin
2026-07-13 22:14:52,956 [INFO] PluginManager:220 - loadIPPluginJar : add ddr_ctrl_phy
2026-07-13 22:14:52,960 [INFO] IPUIPlugin:80 - create IPUIPlugin
2026-07-13 22:14:52,960 [INFO] PluginManager:220 - loadIPPluginJar : add dfsdm
2026-07-13 22:14:52,967 [INFO] IPUIPlugin:80 - create IPUIPlugin
2026-07-13 22:14:52,968 [INFO] PluginManager:220 - loadIPPluginJar : add dma
2026-07-13 22:14:52,974 [INFO] IPUIPlugin:80 - create IPUIPlugin
2026-07-13 22:14:52,974 [INFO] PluginManager:220 - loadIPPluginJar : add dma3
2026-07-13 22:14:52,978 [INFO] IPUIPlugin:80 - create IPUIPlugin
2026-07-13 22:14:52,978 [INFO] PluginManager:220 - loadIPPluginJar : add extmemmanager
2026-07-13 22:14:52,981 [INFO] IPUIPlugin:80 - create IPUIPlugin
2026-07-13 22:14:52,981 [INFO] PluginManager:220 - loadIPPluginJar : add fatfs
2026-07-13 22:14:52,987 [INFO] IPUIPlugin:80 - create IPUIPlugin
2026-07-13 22:14:52,987 [INFO] PluginManager:220 - loadIPPluginJar : add fmc
2026-07-13 22:14:53,002 [INFO] IPUIPlugin:80 - create IPUIPlugin
2026-07-13 22:14:53,002 [INFO] PluginManager:220 - loadIPPluginJar : add freertos
2026-07-13 22:14:53,004 [INFO] IPUIPlugin:80 - create IPUIPlugin
2026-07-13 22:14:53,004 [INFO] PluginManager:220 - loadIPPluginJar : add genericplugin
2026-07-13 22:14:53,008 [INFO] IPUIPlugin:80 - create IPUIPlugin
2026-07-13 22:14:53,008 [INFO] PluginManager:220 - loadIPPluginJar : add gfxmmu
2026-07-13 22:14:53,014 [INFO] IPUIPlugin:80 - create IPUIPlugin
2026-07-13 22:14:53,015 [INFO] PluginManager:220 - loadIPPluginJar : add gic
2026-07-13 22:14:53,022 [INFO] IPUIPlugin:80 - create IPUIPlugin
2026-07-13 22:14:53,022 [INFO] PluginManager:220 - loadIPPluginJar : add gpio
2026-07-13 22:14:53,026 [INFO] IPUIPlugin:80 - create IPUIPlugin
2026-07-13 22:14:53,027 [INFO] PluginManager:220 - loadIPPluginJar : add gtzc
2026-07-13 22:14:53,029 [INFO] IPUIPlugin:80 - create IPUIPlugin
2026-07-13 22:14:53,030 [INFO] PluginManager:220 - loadIPPluginJar : add hash
2026-07-13 22:14:53,033 [INFO] IPUIPlugin:80 - create IPUIPlugin
2026-07-13 22:14:53,033 [INFO] PluginManager:220 - loadIPPluginJar : add i2c
2026-07-13 22:14:53,037 [INFO] IPUIPlugin:80 - create IPUIPlugin
2026-07-13 22:14:53,037 [INFO] PluginManager:220 - loadIPPluginJar : add i2s
2026-07-13 22:14:53,042 [INFO] IPUIPlugin:80 - create IPUIPlugin
2026-07-13 22:14:53,043 [INFO] PluginManager:220 - loadIPPluginJar : add i3c
2026-07-13 22:14:53,047 [INFO] IPUIPlugin:80 - create IPUIPlugin
2026-07-13 22:14:53,047 [INFO] PluginManager:220 - loadIPPluginJar : add ipddr
2026-07-13 22:14:53,055 [INFO] IPUIPlugin:80 - create IPUIPlugin
2026-07-13 22:14:53,055 [INFO] PluginManager:220 - loadIPPluginJar : add linkedlist
2026-07-13 22:14:53,059 [INFO] IPUIPlugin:80 - create IPUIPlugin
2026-07-13 22:14:53,059 [INFO] PluginManager:220 - loadIPPluginJar : add lorawan
2026-07-13 22:14:53,062 [INFO] IPUIPlugin:80 - create IPUIPlugin
2026-07-13 22:14:53,062 [INFO] PluginManager:220 - loadIPPluginJar : add ltdc
2026-07-13 22:14:53,069 [INFO] IPUIPlugin:80 - create IPUIPlugin
2026-07-13 22:14:53,069 [INFO] PluginManager:220 - loadIPPluginJar : add mdma
2026-07-13 22:14:53,073 [INFO] IPUIPlugin:80 - create IPUIPlugin
2026-07-13 22:14:53,073 [INFO] PluginManager:220 - loadIPPluginJar : add nvic
2026-07-13 22:14:53,077 [INFO] IPUIPlugin:80 - create IPUIPlugin
2026-07-13 22:14:53,078 [INFO] PluginManager:220 - loadIPPluginJar : add opamp
2026-07-13 22:14:53,082 [INFO] IPUIPlugin:80 - create IPUIPlugin
2026-07-13 22:14:53,082 [INFO] PluginManager:220 - loadIPPluginJar : add openamp
2026-07-13 22:14:53,086 [INFO] IPUIPlugin:80 - create IPUIPlugin
2026-07-13 22:14:53,086 [INFO] PluginManager:220 - loadIPPluginJar : add pdm2pcm
2026-07-13 22:14:53,091 [INFO] IPUIPlugin:80 - create IPUIPlugin
2026-07-13 22:14:53,093 [INFO] PluginManager:220 - loadIPPluginJar : add plateformsettings
2026-07-13 22:14:53,095 [INFO] IPUIPlugin:80 - create IPUIPlugin
2026-07-13 22:14:53,095 [INFO] PluginManager:220 - loadIPPluginJar : add quadspi
2026-07-13 22:14:53,098 [INFO] IPUIPlugin:80 - create IPUIPlugin
2026-07-13 22:14:53,099 [INFO] PluginManager:220 - loadIPPluginJar : add radio
2026-07-13 22:14:53,103 [INFO] IPUIPlugin:80 - create IPUIPlugin
2026-07-13 22:14:53,103 [INFO] PluginManager:220 - loadIPPluginJar : add resmgrutility
2026-07-13 22:14:53,106 [INFO] IPUIPlugin:80 - create IPUIPlugin
2026-07-13 22:14:53,106 [INFO] PluginManager:220 - loadIPPluginJar : add sai
2026-07-13 22:14:53,108 [INFO] IPUIPlugin:80 - create IPUIPlugin
2026-07-13 22:14:53,108 [INFO] PluginManager:220 - loadIPPluginJar : add spi
2026-07-13 22:14:53,114 [INFO] IPUIPlugin:80 - create IPUIPlugin
2026-07-13 22:14:53,114 [INFO] PluginManager:220 - loadIPPluginJar : add stm32_wpan
2026-07-13 22:14:53,116 [INFO] IPUIPlugin:80 - create IPUIPlugin
2026-07-13 22:14:53,116 [INFO] PluginManager:220 - loadIPPluginJar : add tim
2026-07-13 22:14:53,119 [INFO] IPUIPlugin:80 - create IPUIPlugin
2026-07-13 22:14:53,119 [INFO] PluginManager:220 - loadIPPluginJar : add touchsensing
2026-07-13 22:14:53,121 [INFO] IPUIPlugin:80 - create IPUIPlugin
2026-07-13 22:14:53,121 [INFO] PluginManager:220 - loadIPPluginJar : add tracer_emb
2026-07-13 22:14:53,123 [INFO] IPUIPlugin:80 - create IPUIPlugin
2026-07-13 22:14:53,123 [INFO] PluginManager:220 - loadIPPluginJar : add ts
2026-07-13 22:14:53,124 [INFO] IPUIPlugin:80 - create IPUIPlugin
2026-07-13 22:14:53,125 [INFO] PluginManager:220 - loadIPPluginJar : add tsc
2026-07-13 22:14:53,126 [INFO] IPUIPlugin:80 - create IPUIPlugin
2026-07-13 22:14:53,126 [INFO] PluginManager:220 - loadIPPluginJar : add ucpd
2026-07-13 22:14:53,129 [INFO] IPUIPlugin:80 - create IPUIPlugin
2026-07-13 22:14:53,129 [INFO] PluginManager:220 - loadIPPluginJar : add usart
2026-07-13 22:14:53,132 [INFO] IPUIPlugin:80 - create IPUIPlugin
2026-07-13 22:14:53,132 [INFO] PluginManager:220 - loadIPPluginJar : add usbx
2026-07-13 22:14:53,244 [FATAL] Updater:351 - Updater called before beeing initialized
2026-07-13 22:14:53,275 [INFO] RulesReader:64 - Compatibility file has been processed (317 Rules)
2026-07-13 22:14:53,286 [INFO] RulesReader:64 - Compatibility file has been processed (317 Rules)
2026-07-13 22:14:53,307 [INFO] CADModel:165 - CPN selected for project level
2026-07-13 22:14:53,307 [INFO] CADModel:114 - Register for checkConnection events
2026-07-13 22:14:53,307 [FATAL] Updater:351 - Updater called before beeing initialized
2026-07-13 22:14:53,307 [ERROR] CADModel:125 - Updater not yet initialized, retry later 
2026-07-13 22:14:53,453 [FATAL] Updater:351 - Updater called before beeing initialized
2026-07-13 22:14:53,455 [INFO] CADModel:165 - CPN selected for project level
2026-07-13 22:14:53,455 [INFO] CADModel:114 - Register for checkConnection events
2026-07-13 22:14:53,455 [FATAL] Updater:351 - Updater called before beeing initialized
2026-07-13 22:14:53,455 [ERROR] CADModel:125 - Updater not yet initialized, retry later 
2026-07-13 22:14:53,458 [FATAL] Updater:351 - Updater called before beeing initialized
2026-07-13 22:14:53,555 [FATAL] Updater:351 - Updater called before beeing initialized
2026-07-13 22:14:53,562 [INFO] DbMcusAds:53 - JSON generation date=Thu May 28 21:38:17 IST 2026 (1779984497073)
2026-07-13 22:14:53,562 [FATAL] Updater:351 - Updater called before beeing initialized
2026-07-13 22:14:53,630 [WARN] DetailPanel:346 - Failed to get advertising image, set to default
2026-07-13 22:14:53,716 [FATAL] Updater:351 - Updater called before beeing initialized
2026-07-13 22:14:53,718 [FATAL] Updater:351 - Updater called before beeing initialized
2026-07-13 22:14:53,718 [FATAL] Updater:351 - Updater called before beeing initialized
2026-07-13 22:14:53,718 [WARN] DetailPanel:346 - Failed to get advertising image, set to default
2026-07-13 22:14:53,719 [FATAL] Updater:351 - Updater called before beeing initialized
2026-07-13 22:14:53,753 [ERROR] Updater:1198 - MainUpdater not yet initialized. External WinMGr cannot be set.
2026-07-13 22:14:53,754 [INFO] Updater:1134 - Updater Version found : 6.15.0
2026-07-13 22:14:53,767 [INFO] ApplicationProperties:184 - Using Application install path: C:\ST\STM32CubeIDE_1.19.0\STM32CubeIDE\plugins\com.st.stm32cube.common.mx_6.15.0.202507011659
2026-07-13 22:14:54,579 [INFO] MainUpdater:2872 - connection check result : 10
2026-07-13 22:14:54,579 [INFO] MainUpdater:289 - Updater Check For Update Now.
2026-07-13 22:14:54,579 [INFO] MicroXplorer:498 - Change Database Version : DB.6.0.150
2026-07-13 22:14:54,585 [INFO] McuFinderGlobals:63 - Set McuFinder mode to 2 (CubeIDE integrated)
2026-07-13 22:14:54,586 [INFO] UserAuth:171 - activating auth plugin
2026-07-13 22:14:54,590 [INFO] UserAuth:487 - Internet connection configuration mode: 1
2026-07-13 22:14:54,621 [INFO] JxBrowserEngine:152 - Initiate JxBrowser Engine with user profile folder
2026-07-13 22:14:54,760 [INFO] CheckServerUpdateThread:120 - End of CheckServer Thread
2026-07-13 22:14:55,654 [WARN] PackLoader:240 - Cannot read IP mode file for STMicroelectronics.X-CUBE-AZRTOS-H7.3.5.0
2026-07-13 22:14:55,666 [WARN] PackLoader:240 - Cannot read IP mode file for STMicroelectronics.FP-ATR-ASTRA1.2.0.2
2026-07-13 22:14:55,676 [ERROR] Engine:466 - C:\Users\HP\.stm32cubemx\thirdparties\pdsc\STMicroelectronics.X-CUBE-SMBUS.2.1.1.pdsc: PDSC version is not supported
2026-07-13 22:14:55,695 [WARN] PackLoader:240 - Cannot read IP mode file for STMicroelectronics.X-CUBE-SMBUS.2.1.0
2026-07-13 22:14:55,772 [WARN] PackLoader:240 - Cannot read IP mode file for STMicroelectronics.X-CUBE-AZRTOS-F7.1.1.0
2026-07-13 22:14:55,789 [WARN] PackLoader:240 - Cannot read IP mode file for STMicroelectronics.X-CUBE-FREERTOS.1.6.0
2026-07-13 22:14:55,794 [WARN] PackLoader:240 - Cannot read IP mode file for STMicroelectronics.FP-SNS-MOTENV1.5.1.0
2026-07-13 22:14:55,812 [WARN] PackLoader:240 - Cannot read IP mode file for STMicroelectronics.X-CUBE-AZRTOS-H7RS.1.3.0
2026-07-13 22:14:55,824 [WARN] PackLoader:240 - Cannot read IP mode file for WES.I-CUBE-Cesium.1.4.0
2026-07-13 22:14:55,832 [WARN] PackLoader:240 - Cannot read IP mode file for STMicroelectronics.X-CUBE-DISPLAY.3.0.0
2026-07-13 22:14:55,845 [WARN] PackLoader:240 - Cannot read IP mode file for STMicroelectronics.X-CUBE-GNSS1.7.1.1
2026-07-13 22:14:55,850 [WARN] PackLoader:240 - Cannot read IP mode file for STMicroelectronics.FP-SNS-MOTENVWB1.1.5.0
2026-07-13 22:14:55,854 [WARN] PackLoader:240 - Cannot read IP mode file for wolfSSL.I-CUBE-wolfSSL.5.9.1
2026-07-13 22:14:55,858 [WARN] PackLoader:240 - Cannot read IP mode file for STMicroelectronics.X-CUBE-NFC10.1.0.0
2026-07-13 22:14:55,862 [WARN] PackLoader:240 - Cannot read IP mode file for STMicroelectronics.X-CUBE-ST60.1.1.0
2026-07-13 22:14:55,867 [WARN] PackLoader:240 - Cannot read IP mode file for emotas.I-CUBE-CANOPEN.1.3.0
2026-07-13 22:14:55,870 [ERROR] Engine:466 - C:\Users\HP\.stm32cubemx\thirdparties\pdsc\STMicroelectronics.X-CUBE-WBA.1.1.0.pdsc: PDSC version is not supported
2026-07-13 22:14:55,875 [WARN] PackLoader:240 - Cannot read IP mode file for STMicroelectronics.FP-SNS-STBOX1.2.1.0
2026-07-13 22:14:55,881 [WARN] PackLoader:240 - Cannot read IP mode file for STMicroelectronics.FP-SNS-SMARTAG2.1.2.0
2026-07-13 22:14:55,886 [WARN] PackLoader:240 - Cannot read IP mode file for STMicroelectronics.FP-SNS-FLIGHT1.5.1.0
2026-07-13 22:14:55,894 [INFO] LogOutputStream:77 - [STDOUT_REDIRECT] 1 : Invalid condition id : UX_CORESTACK_Condition cause : null
2026-07-13 22:14:55,895 [INFO] LogOutputStream:77 - [STDOUT_REDIRECT] 1 : Invalid condition id : UX_CORESTACK_Condition cause : null
2026-07-13 22:14:55,896 [INFO] LogOutputStream:77 - [STDOUT_REDIRECT] 1 : Invalid condition id : UX_CORESTACK_Condition cause : null
2026-07-13 22:14:55,897 [INFO] LogOutputStream:77 - [STDOUT_REDIRECT] 1 : Invalid condition id : UX_CORESTACK_Condition cause : null
2026-07-13 22:14:55,899 [INFO] LogOutputStream:77 - [STDOUT_REDIRECT] 1 : Invalid condition id : UX_CORESTACK_Condition cause : null
2026-07-13 22:14:55,902 [WARN] PackLoader:240 - Cannot read IP mode file for STMicroelectronics.X-CUBE-AZRTOS-WL.2.0.0
2026-07-13 22:14:55,912 [WARN] PackLoader:240 - Cannot read IP mode file for STMicroelectronics.X-CUBE-AZRTOS-H7RS.1.2.0
2026-07-13 22:14:55,928 [WARN] PackLoader:240 - Cannot read IP mode file for STMicroelectronics.X-CUBE-BLE2.3.3.0
2026-07-13 22:14:55,957 [WARN] PackLoader:240 - Cannot read IP mode file for Infineon.AIROC-Wi-Fi-Bluetooth-STM32.1.8.0
2026-07-13 22:14:55,965 [WARN] PackLoader:240 - Cannot read IP mode file for STMicroelectronics.X-CUBE-NFC9.1.0.0
2026-07-13 22:14:55,970 [WARN] PackLoader:240 - Cannot read IP mode file for STMicroelectronics.X-CUBE-BLE1.7.1.0
2026-07-13 22:14:55,973 [WARN] PackLoader:240 - Cannot read IP mode file for wolfSSL.I-CUBE-wolfMQTT.1.19.2
2026-07-13 22:14:55,978 [WARN] PackLoader:240 - Cannot read IP mode file for STMicroelectronics.X-CUBE-EEPRMA1.5.2.0
2026-07-13 22:14:55,985 [WARN] PackLoader:240 - Cannot read IP mode file for STMicroelectronics.FP-SNS-STAIOTCFT.1.1.0
2026-07-13 22:14:56,004 [WARN] PackLoader:240 - Cannot read IP mode file for STMicroelectronics.X-CUBE-AZRTOS-G0.1.1.0
2026-07-13 22:14:56,012 [WARN] PackLoader:240 - Cannot read IP mode file for STMicroelectronics.X-CUBE-NFC4.3.0.0
2026-07-13 22:14:56,024 [WARN] PackLoader:240 - Cannot read IP mode file for EmbeddedOffice.I-CUBE-FS-RTOS.1.0.1
2026-07-13 22:14:56,029 [WARN] PackLoader:240 - Cannot read IP mode file for wolfSSL.I-CUBE-wolfTPM.3.8.0
2026-07-13 22:14:56,035 [WARN] PackLoader:240 - Cannot read IP mode file for STMicroelectronics.X-CUBE-TCPP.4.2.0
2026-07-13 22:14:56,042 [WARN] PackLoader:240 - Cannot read IP mode file for RealThread.X-CUBE-RT-Thread_Nano.4.1.1
2026-07-13 22:14:56,048 [WARN] PackLoader:240 - Cannot read IP mode file for STMicroelectronics.FP-ATR-SIGFOX1.3.2.0
2026-07-13 22:14:56,054 [WARN] PackLoader:240 - Cannot read IP mode file for STMicroelectronics.X-CUBE-FREERTOS.1.5.0
2026-07-13 22:14:56,060 [WARN] PackLoader:240 - Cannot read IP mode file for ITTIA_DB.I-CUBE-ITTIADB.8.9.0
2026-07-13 22:14:56,065 [WARN] PackLoader:240 - Cannot read IP mode file for Cesanta.I-CUBE-Mongoose.7.21.7
2026-07-13 22:14:56,072 [WARN] PackLoader:240 - Cannot read IP mode file for STMicroelectronics.X-CUBE-NFC6.3.2.0
2026-07-13 22:14:56,085 [WARN] PackLoader:240 - Cannot read IP mode file for STMicroelectronics.X-CUBE-AI.10.2.1
2026-07-13 22:14:56,089 [WARN] PackLoader:240 - Cannot read IP mode file for STMicroelectronics.X-CUBE-AI.10.2.0
2026-07-13 22:14:56,128 [WARN] PackLoader:240 - Cannot read IP mode file for STMicroelectronics.X-CUBE-MEMS1.12.1.0
2026-07-13 22:14:56,233 [WARN] PackLoader:240 - Cannot read IP mode file for SEGGER.I-CUBE-embOS.1.3.1
2026-07-13 22:14:56,255 [WARN] PackLoader:240 - Cannot read IP mode file for STMicroelectronics.X-CUBE-NFC13.1.0.0
2026-07-13 22:14:56,260 [WARN] PackLoader:240 - Cannot read IP mode file for STMicroelectronics.X-CUBE-PM33A1.1.0.0
2026-07-13 22:14:56,269 [WARN] PackLoader:240 - Cannot read IP mode file for STMicroelectronics.X-CUBE-AZRTOS-F4.1.1.0
2026-07-13 22:14:56,274 [WARN] PackLoader:240 - Cannot read IP mode file for STMicroelectronics.X-CUBE-ISPU.2.1.0
2026-07-13 22:14:56,282 [WARN] PackLoader:240 - Cannot read IP mode file for STMicroelectronics.X-CUBE-IPS.3.2.0
2026-07-13 22:14:56,290 [WARN] PackLoader:240 - Cannot read IP mode file for STMicroelectronics.eDS-WB_DPC_TT-BIDIR.2.1.1
2026-07-13 22:14:56,295 [WARN] PackLoader:240 - Cannot read IP mode file for STMicroelectronics.X-CUBE-NFC12.1.0.0
2026-07-13 22:14:56,304 [WARN] PackLoader:240 - Cannot read IP mode file for STMicroelectronics.X-CUBE-AZRTOS-L5.2.0.0
2026-07-13 22:14:56,310 [WARN] PackLoader:240 - Cannot read IP mode file for STMicroelectronics.X-CUBE-ALGOBUILD.1.5.0
2026-07-13 22:14:56,314 [WARN] PackLoader:240 - Cannot read IP mode file for STMicroelectronics.eDS-WB_DPC_VIENNA.1.2.0
2026-07-13 22:14:56,317 [WARN] PackLoader:240 - Cannot read IP mode file for STMicroelectronics.eDS-WB_DPC_3PH2L-BIDIR.1.1.1
2026-07-13 22:14:56,319 [ERROR] Engine:466 - C:\Users\HP\.stm32cubemx\thirdparties\pdsc\STMicroelectronics.X-CUBE-ST67W61.1.3.0.pdsc: PDSC version is not supported
2026-07-13 22:14:56,327 [WARN] PackLoader:240 - Cannot read IP mode file for STMicroelectronics.X-CUBE-TOUCHGFX.4.26.1
2026-07-13 22:14:56,332 [WARN] PackLoader:240 - Cannot read IP mode file for STMicroelectronics.X-CUBE-DPower.1.3.0
2026-07-13 22:14:56,342 [WARN] ConditionMgr:438 - getConditionDescription Invalid condition id : LAN8742 Phy interface Condition cause : null
2026-07-13 22:14:56,342 [WARN] PackLoader:240 - Cannot read IP mode file for STMicroelectronics.X-CUBE-AZRTOS-L4.2.0.0
2026-07-13 22:14:56,357 [WARN] ConditionMgr:1044 - genDependencies : Invalid condition id : LAN8742 Phy interface Condition cause : null
2026-07-13 22:14:56,357 [WARN] ConditionMgr:1044 - genDependencies : Invalid condition id : LAN8742 Phy interface Condition cause : null
2026-07-13 22:14:56,359 [WARN] ConditionMgr:1044 - genDependencies : Invalid condition id : LAN8742 Phy interface Condition cause : null
2026-07-13 22:14:56,382 [WARN] PackLoader:240 - Cannot read IP mode file for STMicroelectronics.X-CUBE-SFXS2LP1.4.0.0
2026-07-13 22:14:56,426 [WARN] PackLoader:240 - Cannot read IP mode file for STMicroelectronics.X-CUBE-WB05N.2.1.0
2026-07-13 22:14:56,446 [WARN] PackLoader:240 - Cannot read IP mode file for STMicroelectronics.X-CUBE-BLEMGR.4.1.0
2026-07-13 22:14:56,455 [WARN] ConditionMgr:438 - getConditionDescription Invalid condition id : UX DEVICE CLASS RTOS Condition cause : null
2026-07-13 22:14:56,456 [WARN] ConditionMgr:438 - getConditionDescription Invalid condition id : UX DEVICE CLASS RTOS Condition cause : null
2026-07-13 22:14:56,456 [WARN] PackLoader:240 - Cannot read IP mode file for STMicroelectronics.X-CUBE-AZRTOS-WB.2.0.0
2026-07-13 22:14:56,457 [WARN] ConditionMgr:1044 - genDependencies : Invalid condition id : UX DEVICE CLASS RTOS Condition cause : null
2026-07-13 22:14:56,457 [WARN] ConditionMgr:1044 - genDependencies : Invalid condition id : UX DEVICE CLASS RTOS Condition cause : null
2026-07-13 22:14:56,457 [WARN] ConditionMgr:1044 - genDependencies : Invalid condition id : UX DEVICE CLASS RTOS Condition cause : null
2026-07-13 22:14:56,457 [WARN] ConditionMgr:1044 - genDependencies : Invalid condition id : UX DEVICE CLASS RTOS Condition cause : null
2026-07-13 22:14:56,457 [WARN] ConditionMgr:1044 - genDependencies : Invalid condition id : UX DEVICE CLASS RTOS Condition cause : null
2026-07-13 22:14:56,461 [WARN] ConditionMgr:438 - getConditionDescription Invalid condition id : Cortex-A Device cause : null
2026-07-13 22:14:56,468 [WARN] ConditionMgr:1044 - genDependencies : Invalid condition id : Cortex-A Device cause : null
2026-07-13 22:14:56,468 [WARN] ConditionMgr:1044 - genDependencies : Invalid condition id : Cortex-A Device cause : null
2026-07-13 22:14:56,468 [WARN] ConditionMgr:1044 - genDependencies : Invalid condition id : Cortex-A Device cause : null
2026-07-13 22:14:56,475 [WARN] PackLoader:240 - Cannot read IP mode file for STMicroelectronics.X-CUBE-STSE01.2.0.0
2026-07-13 22:14:56,482 [WARN] PackLoader:240 - Cannot read IP mode file for STMicroelectronics.X-CUBE-SUBG2.5.0.0
2026-07-13 22:14:56,494 [WARN] PackLoader:240 - Cannot read IP mode file for STMicroelectronics.X-CUBE-AZRTOS-G4.2.0.0
2026-07-13 22:14:56,499 [WARN] PackLoader:240 - Cannot read IP mode file for wolfSSL.I-CUBE-wolfSSH.1.4.20
2026-07-13 22:14:56,504 [WARN] PackLoader:240 - Cannot read IP mode file for STMicroelectronics.X-CUBE-NFC7.2.0.0
2026-07-13 22:14:56,508 [ERROR] Engine:466 - C:\Users\HP\.stm32cubemx\thirdparties\pdsc\STMicroelectronics.X-CUBE-BLEMGR.4.2.0.pdsc: PDSC version is not supported
2026-07-13 22:14:56,512 [WARN] PackLoader:240 - Cannot read IP mode file for STMicroelectronics.X-CUBE-ALS.1.0.2
2026-07-13 22:14:56,519 [WARN] PackLoader:240 - Cannot read IP mode file for STMicroelectronics.X-CUBE-TOF1.3.4.3
2026-07-13 22:14:56,524 [INFO] ThirdParty:978 - Integrity check success = true
2026-07-13 22:14:56,524 [INFO] IntegrityCheckThread:100 - exiting critical section [integrity check]
2026-07-13 22:14:56,524 [INFO] IntegrityCheckThread:103 - End integrity checks thread
2026-07-13 22:14:57,064 [INFO] WebApp:169 - Instantiating new browser for Auth
2026-07-13 22:14:57,713 [INFO] WebApp:463 - Apply proxy settings
2026-07-13 22:14:57,718 [INFO] WebApp:508 - Chromium authenticates against Manually configured proxy
2026-07-13 22:14:57,727 [INFO] WebApp:516 - Username used for proxy authentication: 
2026-07-13 22:14:57,754 [INFO] WebApp:900 - Register for checkConnection events
2026-07-13 22:14:57,755 [INFO] WebApp:463 - Apply proxy settings
2026-07-13 22:14:57,756 [INFO] WebApp:508 - Chromium authenticates against Manually configured proxy
2026-07-13 22:14:57,757 [INFO] WebApp:516 - Username used for proxy authentication: 
2026-07-13 22:14:57,940 [INFO] WebApp:225 - Starting web application
2026-07-13 22:14:57,940 [INFO] WebApp:593 - Web application path used C:\ST\STM32CubeIDE_1.19.0\STM32CubeIDE\plugins\com.st.stm32cube.common.mx_6.15.0.202507011659\db\plugins\mcufinder\reactClient1\index.html
2026-07-13 22:14:58,151 [INFO] WebApp:191 - Connection restablished
2026-07-13 22:48:47,771 [INFO] WebApp:194 - Connection lost
2026-07-13 22:49:07,302 [INFO] WebApp:191 - Connection restablished
2026-07-13 22:50:12,540 [INFO] WebApp:194 - Connection lost
2026-07-13 22:52:44,722 [INFO] WebApp:191 - Connection restablished
2026-07-13 22:52:46,823 [INFO] WebApp:194 - Connection lost
2026-07-13 22:52:47,452 [INFO] WebApp:191 - Connection restablished
2026-07-13 22:53:46,731 [INFO] WebApp:194 - Connection lost
2026-07-13 22:56:53,865 [INFO] WebApp:191 - Connection restablished
2026-07-13 22:56:55,807 [INFO] WebApp:194 - Connection lost
2026-07-13 22:56:56,011 [INFO] WebApp:191 - Connection restablished
2026-07-13 23:53:06,052 [ERROR] LogOutputStream:75 - [STDERR_REDIRECT] 
