2026-06-17 21:56:26,816 [INFO] Activator:176 - 


2026-06-17 21:56:26,821 [INFO] Activator:177 - !SESSION log4j initialized
2026-06-17 21:56:32,369 [INFO] LogOutputStream:77 - [STDOUT_REDIRECT] 
2026-06-17 21:56:35,828 [INFO] ApplicationProperties:184 - Using Application install path: C:\ST\STM32CubeIDE_1.19.0\STM32CubeIDE\plugins\com.st.stm32cube.common.mx_6.15.0.202507011659
2026-06-17 21:56:35,854 [INFO] DbMcusXml:78 - Set database path to: C:\ST\STM32CubeIDE_1.19.0\STM32CubeIDE\plugins\com.st.stm32cube.common.mx_6.15.0.202507011659\\db\/mcu/
2026-06-17 21:56:35,854 [INFO] ApiDb:274 - Set plugin database path to: C:\ST\STM32CubeIDE_1.19.0\STM32CubeIDE\plugins\com.st.stm32cube.common.mx_6.15.0.202507011659\\db\/plugins/boardmanager/
2026-06-17 21:56:35,855 [WARN] ApiDb:259 - Overriding images path with different value:  => C:\ST\STM32CubeIDE_1.19.0\STM32CubeIDE\plugins\com.st.stm32cube.common.mx_6.15.0.202507011659\\db\/plugins/mcufinder/images/
2026-06-17 21:56:35,871 [INFO] ApiDb:250 - Set database path to: C:\Users\HP\.stmcufinder\plugins\mcufinder//mcu/
2026-06-17 21:56:35,872 [INFO] DbMcusAds:125 - Set database path to: C:\Users\HP\.stmcufinder\plugins\mcufinder//mcu/
2026-06-17 21:56:35,875 [INFO] CrossReferenceDbSqlite:203 - Set database path to: C:\Users\HP\.stmcufinder\plugins\mcufinder//mcu/cs/
2026-06-17 21:56:36,001 [INFO] RulesReader:64 - Compatibility file has been processed (317 Rules)
2026-06-17 21:56:36,095 [INFO] DbMcusXml:78 - Set database path to: C:\ST\STM32CubeIDE_1.19.0\STM32CubeIDE\plugins\com.st.stm32cube.common.mx_6.15.0.202507011659\\db\/mcu/
2026-06-17 21:56:36,095 [INFO] ApiDb:274 - Set plugin database path to: C:\ST\STM32CubeIDE_1.19.0\STM32CubeIDE\plugins\com.st.stm32cube.common.mx_6.15.0.202507011659\\db\/plugins/boardmanager/
2026-06-17 21:56:36,095 [INFO] ApiDb:261 - Set plugin images path to: C:\ST\STM32CubeIDE_1.19.0\STM32CubeIDE\plugins\com.st.stm32cube.common.mx_6.15.0.202507011659\\db\/plugins/mcufinder/images/
2026-06-17 21:56:36,096 [WARN] DbFile:41 - Overriding database path with different value: C:\Users\HP\.stmcufinder\plugins\mcufinder/ => C:\Users\HP\.stmcufinder\plugins\mcufinder
2026-06-17 21:56:36,096 [INFO] ApiDb:250 - Set database path to: C:\Users\HP\.stmcufinder\plugins\mcufinder//mcu/
2026-06-17 21:56:36,096 [WARN] DbFile:41 - Overriding database path with different value: C:\Users\HP\.stmcufinder\plugins\mcufinder/ => C:\Users\HP\.stmcufinder\plugins\mcufinder
2026-06-17 21:56:36,096 [INFO] DbMcusAds:125 - Set database path to: C:\Users\HP\.stmcufinder\plugins\mcufinder//mcu/
2026-06-17 21:56:36,096 [WARN] DbFile:41 - Overriding database path with different value: C:\Users\HP\.stmcufinder\plugins\mcufinder/ => C:\Users\HP\.stmcufinder\plugins\mcufinder
2026-06-17 21:56:36,096 [WARN] DbFile:41 - Overriding database path with different value: C:\Users\HP\.stmcufinder\plugins\mcufinder/ => C:\Users\HP\.stmcufinder\plugins\mcufinder
2026-06-17 21:56:36,096 [INFO] CrossReferenceDbSqlite:203 - Set database path to: C:\Users\HP\.stmcufinder\plugins\mcufinder//mcu/cs/
2026-06-17 21:56:36,242 [INFO] MainPanel:274 - HeapMemory: 268435456
2026-06-17 21:56:36,370 [INFO] DbMcusXml:78 - Set database path to: C:\ST\STM32CubeIDE_1.19.0\STM32CubeIDE\plugins\com.st.stm32cube.common.mx_6.15.0.202507011659\\db\/mcu/
2026-06-17 21:56:36,370 [INFO] ApiDb:274 - Set plugin database path to: C:\ST\STM32CubeIDE_1.19.0\STM32CubeIDE\plugins\com.st.stm32cube.common.mx_6.15.0.202507011659\\db\/plugins/boardmanager/
2026-06-17 21:56:36,370 [INFO] ApiDb:261 - Set plugin images path to: C:\ST\STM32CubeIDE_1.19.0\STM32CubeIDE\plugins\com.st.stm32cube.common.mx_6.15.0.202507011659\\db\/plugins/mcufinder/images/
2026-06-17 21:56:36,371 [WARN] DbFile:41 - Overriding database path with different value: C:\Users\HP\.stmcufinder\plugins\mcufinder/ => C:\Users\HP\.stmcufinder\plugins\mcufinder
2026-06-17 21:56:36,371 [INFO] ApiDb:250 - Set database path to: C:\Users\HP\.stmcufinder\plugins\mcufinder//mcu/
2026-06-17 21:56:36,371 [WARN] DbFile:41 - Overriding database path with different value: C:\Users\HP\.stmcufinder\plugins\mcufinder/ => C:\Users\HP\.stmcufinder\plugins\mcufinder
2026-06-17 21:56:36,371 [INFO] DbMcusAds:125 - Set database path to: C:\Users\HP\.stmcufinder\plugins\mcufinder//mcu/
2026-06-17 21:56:36,371 [WARN] DbFile:41 - Overriding database path with different value: C:\Users\HP\.stmcufinder\plugins\mcufinder/ => C:\Users\HP\.stmcufinder\plugins\mcufinder
2026-06-17 21:56:36,371 [WARN] DbFile:41 - Overriding database path with different value: C:\Users\HP\.stmcufinder\plugins\mcufinder/ => C:\Users\HP\.stmcufinder\plugins\mcufinder
2026-06-17 21:56:36,371 [INFO] CrossReferenceDbSqlite:203 - Set database path to: C:\Users\HP\.stmcufinder\plugins\mcufinder//mcu/cs/
2026-06-17 21:56:36,389 [INFO] ApplicationProperties:184 - Using Application install path: C:\ST\STM32CubeIDE_1.19.0\STM32CubeIDE\plugins\com.st.stm32cube.common.mx_6.15.0.202507011659
2026-06-17 21:56:36,390 [INFO] PluginManage:196 - Search for loadable plugins [exclusion list=, ]
2026-06-17 21:56:36,391 [INFO] PluginManage:310 - Check plugin analytics
2026-06-17 21:56:36,669 [INFO] AnalyticsPlugin:253 - Accepted Software Licenses: 
2026-06-17 21:56:36,669 [INFO] AnalyticsPlugin:255 - Accepted CMSIS Pack Licenses: 
2026-06-17 21:56:36,670 [INFO] AnalyticsPlugin:257 - Accepted Firmware Licenses: FW.F4.1.28.0
2026-06-17 21:56:36,673 [INFO] PluginManage:359 - Loaded plugin analytics (category:tool,tabindex:-1)
2026-06-17 21:56:36,674 [INFO] PluginManage:310 - Check plugin cadmodel
2026-06-17 21:56:36,683 [INFO] CADModel:105 - Init CAD model plugin
2026-06-17 21:56:36,683 [INFO] PluginManage:359 - Loaded plugin cadmodel (category:power,tabindex:5)
2026-06-17 21:56:36,683 [INFO] PluginManage:310 - Check plugin clock
2026-06-17 21:56:36,694 [INFO] PluginManage:359 - Loaded plugin clock (category:base,tabindex:2)
2026-06-17 21:56:36,694 [INFO] PluginManage:310 - Check plugin ddr
2026-06-17 21:56:36,697 [INFO] PluginManage:359 - Loaded plugin ddr (category:tool,tabindex:6)
2026-06-17 21:56:36,697 [INFO] PluginManage:310 - Check plugin filemanager
2026-06-17 21:56:36,848 [INFO] PluginManage:359 - Loaded plugin filemanager (category:base,tabindex:10)
2026-06-17 21:56:36,848 [INFO] PluginManage:310 - Check plugin ipmanager
2026-06-17 21:56:36,855 [INFO] PluginManage:359 - Loaded plugin ipmanager (category:base,tabindex:5)
2026-06-17 21:56:36,855 [INFO] PluginManage:310 - Check plugin lpbam
2026-06-17 21:56:36,864 [INFO] PluginManage:359 - Loaded plugin lpbam (category:base,tabindex:0)
2026-06-17 21:56:36,864 [INFO] PluginManage:310 - Check plugin memorymap
2026-06-17 21:56:36,878 [INFO] PluginManage:359 - Loaded plugin memorymap (category:base,tabindex:4)
2026-06-17 21:56:36,878 [INFO] PluginManage:310 - Check plugin pinoutandconfiguration
2026-06-17 21:56:36,887 [INFO] PluginManage:359 - Loaded plugin pinoutandconfiguration (category:base,tabindex:1)
2026-06-17 21:56:36,887 [INFO] PluginManage:310 - Check plugin pinoutconfig
2026-06-17 21:56:36,994 [WARN] SupportedApi:132 - Cannot load RTOS API schema: s4s-elt-must-match.1: The content of 'definitions' must match (annotation?, (simpleType | complexType)?, (unique | key | keyref)*)). A problem was found starting at: attribute.
2026-06-17 21:56:37,130 [INFO] PluginManage:359 - Loaded plugin pinoutconfig (category:base,tabindex:0)
2026-06-17 21:56:37,131 [INFO] PluginManage:310 - Check plugin power
2026-06-17 21:56:37,141 [INFO] PluginManage:359 - Loaded plugin power (category:power,tabindex:4)
2026-06-17 21:56:37,141 [INFO] PluginManage:310 - Check plugin projectmanager
2026-06-17 21:56:37,170 [INFO] PluginManage:359 - Loaded plugin projectmanager (category:projectmanager,tabindex:4)
2026-06-17 21:56:37,170 [INFO] PluginManage:310 - Check plugin rif
2026-06-17 21:56:37,180 [INFO] PluginManage:359 - Loaded plugin rif (category:base,tabindex:3)
2026-06-17 21:56:37,180 [INFO] PluginManage:310 - Check plugin thirdparty
2026-06-17 21:56:37,336 [INFO] PluginManage:359 - Loaded plugin thirdparty (category:base,tabindex:-1)
2026-06-17 21:56:37,336 [INFO] PluginManage:310 - Check plugin tools
2026-06-17 21:56:37,336 [WARN] IntegrityCheckThread:84 - waiting for thirdparty lock release [integrity check]
2026-06-17 21:56:37,337 [INFO] IntegrityCheckThread:86 - entering critical section [integrity check]
2026-06-17 21:56:37,338 [INFO] ThirdPartyUpdaterWithRetryManager:70 - Updater plugin not ready yet. [1/15]
2026-06-17 21:56:37,340 [INFO] PluginManage:359 - Loaded plugin tools (category:base,tabindex:7)
2026-06-17 21:56:37,340 [INFO] PluginManage:310 - Check plugin tutovideos
2026-06-17 21:56:37,538 [INFO] PluginManage:359 - Loaded plugin tutovideos (category:base,tabindex:-1)
2026-06-17 21:56:37,538 [INFO] PluginManage:310 - Check plugin updater
2026-06-17 21:56:37,567 [INFO] PluginManage:359 - Loaded plugin updater (category:base,tabindex:12)
2026-06-17 21:56:37,567 [INFO] PluginManage:310 - Check plugin userauth
2026-06-17 21:56:37,572 [INFO] UserAuth:118 - Init User Auth plugin
2026-06-17 21:56:37,573 [INFO] PluginManage:359 - Loaded plugin userauth (category:base,tabindex:14)
2026-06-17 21:56:37,574 [INFO] PluginManage:283 - PluginManage : Loaded plugins [18]
2026-06-17 21:56:37,812 [INFO] PinOutPanel:1589 - setPackage(No Configuration,No Configuration)
2026-06-17 21:56:37,919 [INFO] CADModel:165 - CPN selected for project level
2026-06-17 21:56:37,919 [INFO] CADModel:114 - Register for checkConnection events
2026-06-17 21:56:37,943 [INFO] IPUIPlugin:80 - create IPUIPlugin
2026-06-17 21:56:37,944 [INFO] PluginManager:220 - loadIPPluginJar : add adc
2026-06-17 21:56:37,948 [INFO] IPUIPlugin:80 - create IPUIPlugin
2026-06-17 21:56:37,948 [INFO] PluginManager:220 - loadIPPluginJar : add aes
2026-06-17 21:56:37,951 [INFO] IPUIPlugin:80 - create IPUIPlugin
2026-06-17 21:56:37,952 [INFO] PluginManager:220 - loadIPPluginJar : add can
2026-06-17 21:56:37,955 [INFO] IPUIPlugin:80 - create IPUIPlugin
2026-06-17 21:56:37,955 [INFO] PluginManager:220 - loadIPPluginJar : add comp
2026-06-17 21:56:37,959 [INFO] IPUIPlugin:80 - create IPUIPlugin
2026-06-17 21:56:37,959 [INFO] PluginManager:220 - loadIPPluginJar : add cryp
2026-06-17 21:56:37,965 [INFO] IPUIPlugin:80 - create IPUIPlugin
2026-06-17 21:56:37,965 [INFO] PluginManager:220 - loadIPPluginJar : add ddr_ctrl_phy
2026-06-17 21:56:37,970 [INFO] IPUIPlugin:80 - create IPUIPlugin
2026-06-17 21:56:37,970 [INFO] PluginManager:220 - loadIPPluginJar : add dfsdm
2026-06-17 21:56:37,979 [INFO] IPUIPlugin:80 - create IPUIPlugin
2026-06-17 21:56:37,980 [INFO] PluginManager:220 - loadIPPluginJar : add dma
2026-06-17 21:56:37,985 [INFO] IPUIPlugin:80 - create IPUIPlugin
2026-06-17 21:56:37,985 [INFO] PluginManager:220 - loadIPPluginJar : add dma3
2026-06-17 21:56:37,989 [INFO] IPUIPlugin:80 - create IPUIPlugin
2026-06-17 21:56:37,989 [INFO] PluginManager:220 - loadIPPluginJar : add extmemmanager
2026-06-17 21:56:37,992 [INFO] IPUIPlugin:80 - create IPUIPlugin
2026-06-17 21:56:37,992 [INFO] PluginManager:220 - loadIPPluginJar : add fatfs
2026-06-17 21:56:38,000 [INFO] IPUIPlugin:80 - create IPUIPlugin
2026-06-17 21:56:38,000 [INFO] PluginManager:220 - loadIPPluginJar : add fmc
2026-06-17 21:56:38,009 [INFO] IPUIPlugin:80 - create IPUIPlugin
2026-06-17 21:56:38,010 [INFO] PluginManager:220 - loadIPPluginJar : add freertos
2026-06-17 21:56:38,012 [INFO] IPUIPlugin:80 - create IPUIPlugin
2026-06-17 21:56:38,012 [INFO] PluginManager:220 - loadIPPluginJar : add genericplugin
2026-06-17 21:56:38,015 [INFO] IPUIPlugin:80 - create IPUIPlugin
2026-06-17 21:56:38,016 [INFO] PluginManager:220 - loadIPPluginJar : add gfxmmu
2026-06-17 21:56:38,022 [INFO] IPUIPlugin:80 - create IPUIPlugin
2026-06-17 21:56:38,022 [INFO] PluginManager:220 - loadIPPluginJar : add gic
2026-06-17 21:56:38,027 [INFO] IPUIPlugin:80 - create IPUIPlugin
2026-06-17 21:56:38,027 [INFO] PluginManager:220 - loadIPPluginJar : add gpio
2026-06-17 21:56:38,031 [INFO] IPUIPlugin:80 - create IPUIPlugin
2026-06-17 21:56:38,031 [INFO] PluginManager:220 - loadIPPluginJar : add gtzc
2026-06-17 21:56:38,034 [INFO] IPUIPlugin:80 - create IPUIPlugin
2026-06-17 21:56:38,035 [INFO] PluginManager:220 - loadIPPluginJar : add hash
2026-06-17 21:56:38,038 [INFO] IPUIPlugin:80 - create IPUIPlugin
2026-06-17 21:56:38,038 [INFO] PluginManager:220 - loadIPPluginJar : add i2c
2026-06-17 21:56:38,041 [INFO] IPUIPlugin:80 - create IPUIPlugin
2026-06-17 21:56:38,042 [INFO] PluginManager:220 - loadIPPluginJar : add i2s
2026-06-17 21:56:38,045 [INFO] IPUIPlugin:80 - create IPUIPlugin
2026-06-17 21:56:38,045 [INFO] PluginManager:220 - loadIPPluginJar : add i3c
2026-06-17 21:56:38,049 [INFO] IPUIPlugin:80 - create IPUIPlugin
2026-06-17 21:56:38,049 [INFO] PluginManager:220 - loadIPPluginJar : add ipddr
2026-06-17 21:56:38,056 [INFO] IPUIPlugin:80 - create IPUIPlugin
2026-06-17 21:56:38,056 [INFO] PluginManager:220 - loadIPPluginJar : add linkedlist
2026-06-17 21:56:38,061 [INFO] IPUIPlugin:80 - create IPUIPlugin
2026-06-17 21:56:38,061 [INFO] PluginManager:220 - loadIPPluginJar : add lorawan
2026-06-17 21:56:38,063 [INFO] IPUIPlugin:80 - create IPUIPlugin
2026-06-17 21:56:38,063 [INFO] PluginManager:220 - loadIPPluginJar : add ltdc
2026-06-17 21:56:38,069 [INFO] IPUIPlugin:80 - create IPUIPlugin
2026-06-17 21:56:38,069 [INFO] PluginManager:220 - loadIPPluginJar : add mdma
2026-06-17 21:56:38,074 [INFO] IPUIPlugin:80 - create IPUIPlugin
2026-06-17 21:56:38,074 [INFO] PluginManager:220 - loadIPPluginJar : add nvic
2026-06-17 21:56:38,079 [INFO] IPUIPlugin:80 - create IPUIPlugin
2026-06-17 21:56:38,079 [INFO] PluginManager:220 - loadIPPluginJar : add opamp
2026-06-17 21:56:38,083 [INFO] IPUIPlugin:80 - create IPUIPlugin
2026-06-17 21:56:38,083 [INFO] PluginManager:220 - loadIPPluginJar : add openamp
2026-06-17 21:56:38,087 [INFO] IPUIPlugin:80 - create IPUIPlugin
2026-06-17 21:56:38,088 [INFO] PluginManager:220 - loadIPPluginJar : add pdm2pcm
2026-06-17 21:56:38,093 [INFO] IPUIPlugin:80 - create IPUIPlugin
2026-06-17 21:56:38,095 [INFO] PluginManager:220 - loadIPPluginJar : add plateformsettings
2026-06-17 21:56:38,097 [INFO] IPUIPlugin:80 - create IPUIPlugin
2026-06-17 21:56:38,098 [INFO] PluginManager:220 - loadIPPluginJar : add quadspi
2026-06-17 21:56:38,100 [INFO] IPUIPlugin:80 - create IPUIPlugin
2026-06-17 21:56:38,101 [INFO] PluginManager:220 - loadIPPluginJar : add radio
2026-06-17 21:56:38,106 [INFO] IPUIPlugin:80 - create IPUIPlugin
2026-06-17 21:56:38,106 [INFO] PluginManager:220 - loadIPPluginJar : add resmgrutility
2026-06-17 21:56:38,111 [INFO] IPUIPlugin:80 - create IPUIPlugin
2026-06-17 21:56:38,111 [INFO] PluginManager:220 - loadIPPluginJar : add sai
2026-06-17 21:56:38,114 [INFO] IPUIPlugin:80 - create IPUIPlugin
2026-06-17 21:56:38,114 [INFO] PluginManager:220 - loadIPPluginJar : add spi
2026-06-17 21:56:38,122 [INFO] IPUIPlugin:80 - create IPUIPlugin
2026-06-17 21:56:38,122 [INFO] PluginManager:220 - loadIPPluginJar : add stm32_wpan
2026-06-17 21:56:38,125 [INFO] IPUIPlugin:80 - create IPUIPlugin
2026-06-17 21:56:38,126 [INFO] PluginManager:220 - loadIPPluginJar : add tim
2026-06-17 21:56:38,130 [INFO] IPUIPlugin:80 - create IPUIPlugin
2026-06-17 21:56:38,130 [INFO] PluginManager:220 - loadIPPluginJar : add touchsensing
2026-06-17 21:56:38,133 [INFO] IPUIPlugin:80 - create IPUIPlugin
2026-06-17 21:56:38,133 [INFO] PluginManager:220 - loadIPPluginJar : add tracer_emb
2026-06-17 21:56:38,136 [INFO] IPUIPlugin:80 - create IPUIPlugin
2026-06-17 21:56:38,136 [INFO] PluginManager:220 - loadIPPluginJar : add ts
2026-06-17 21:56:38,138 [INFO] IPUIPlugin:80 - create IPUIPlugin
2026-06-17 21:56:38,138 [INFO] PluginManager:220 - loadIPPluginJar : add tsc
2026-06-17 21:56:38,144 [INFO] IPUIPlugin:80 - create IPUIPlugin
2026-06-17 21:56:38,144 [INFO] PluginManager:220 - loadIPPluginJar : add ucpd
2026-06-17 21:56:38,149 [INFO] IPUIPlugin:80 - create IPUIPlugin
2026-06-17 21:56:38,149 [INFO] PluginManager:220 - loadIPPluginJar : add usart
2026-06-17 21:56:38,155 [INFO] IPUIPlugin:80 - create IPUIPlugin
2026-06-17 21:56:38,155 [INFO] PluginManager:220 - loadIPPluginJar : add usbx
2026-06-17 21:56:38,293 [FATAL] Updater:351 - Updater called before beeing initialized
2026-06-17 21:56:38,373 [INFO] RulesReader:64 - Compatibility file has been processed (317 Rules)
2026-06-17 21:56:38,386 [INFO] RulesReader:64 - Compatibility file has been processed (317 Rules)
2026-06-17 21:56:38,404 [INFO] CADModel:165 - CPN selected for project level
2026-06-17 21:56:38,405 [INFO] CADModel:114 - Register for checkConnection events
2026-06-17 21:56:38,405 [FATAL] Updater:351 - Updater called before beeing initialized
2026-06-17 21:56:38,405 [ERROR] CADModel:125 - Updater not yet initialized, retry later 
2026-06-17 21:56:38,612 [FATAL] Updater:351 - Updater called before beeing initialized
2026-06-17 21:56:38,614 [INFO] CADModel:165 - CPN selected for project level
2026-06-17 21:56:38,615 [INFO] CADModel:114 - Register for checkConnection events
2026-06-17 21:56:38,615 [FATAL] Updater:351 - Updater called before beeing initialized
2026-06-17 21:56:38,616 [ERROR] CADModel:125 - Updater not yet initialized, retry later 
2026-06-17 21:56:38,620 [FATAL] Updater:351 - Updater called before beeing initialized
2026-06-17 21:56:38,739 [FATAL] Updater:351 - Updater called before beeing initialized
2026-06-17 21:56:38,742 [INFO] DbMcusAds:53 - JSON generation date=Thu May 28 21:38:17 IST 2026 (1779984497073)
2026-06-17 21:56:38,743 [FATAL] Updater:351 - Updater called before beeing initialized
2026-06-17 21:56:38,782 [WARN] DetailPanel:346 - Failed to get advertising image, set to default
2026-06-17 21:56:38,877 [FATAL] Updater:351 - Updater called before beeing initialized
2026-06-17 21:56:38,880 [FATAL] Updater:351 - Updater called before beeing initialized
2026-06-17 21:56:38,881 [FATAL] Updater:351 - Updater called before beeing initialized
2026-06-17 21:56:38,881 [WARN] DetailPanel:346 - Failed to get advertising image, set to default
2026-06-17 21:56:38,883 [FATAL] Updater:351 - Updater called before beeing initialized
2026-06-17 21:56:38,929 [ERROR] Updater:1198 - MainUpdater not yet initialized. External WinMGr cannot be set.
2026-06-17 21:56:38,931 [INFO] Updater:1134 - Updater Version found : 6.15.0
2026-06-17 21:56:38,947 [INFO] ApplicationProperties:184 - Using Application install path: C:\ST\STM32CubeIDE_1.19.0\STM32CubeIDE\plugins\com.st.stm32cube.common.mx_6.15.0.202507011659
2026-06-17 21:56:39,927 [INFO] MainUpdater:2872 - connection check result : 10
2026-06-17 21:56:39,927 [INFO] MainUpdater:289 - Updater Check For Update Now.
2026-06-17 21:56:39,927 [INFO] MicroXplorer:498 - Change Database Version : DB.6.0.150
2026-06-17 21:56:39,934 [INFO] McuFinderGlobals:63 - Set McuFinder mode to 2 (CubeIDE integrated)
2026-06-17 21:56:39,934 [INFO] UserAuth:171 - activating auth plugin
2026-06-17 21:56:39,937 [INFO] UserAuth:487 - Internet connection configuration mode: 1
2026-06-17 21:56:39,988 [INFO] JxBrowserEngine:152 - Initiate JxBrowser Engine with user profile folder
2026-06-17 21:56:40,192 [INFO] CheckServerUpdateThread:120 - End of CheckServer Thread
2026-06-17 21:56:40,708 [WARN] PackLoader:240 - Cannot read IP mode file for STMicroelectronics.X-CUBE-AZRTOS-H7.3.5.0
2026-06-17 21:56:40,731 [WARN] PackLoader:240 - Cannot read IP mode file for STMicroelectronics.FP-ATR-ASTRA1.2.0.2
2026-06-17 21:56:40,740 [ERROR] Engine:466 - C:\Users\HP\.stm32cubemx\thirdparties\pdsc\STMicroelectronics.X-CUBE-SMBUS.2.1.1.pdsc: PDSC version is not supported
2026-06-17 21:56:40,745 [WARN] PackLoader:240 - Cannot read IP mode file for STMicroelectronics.X-CUBE-SMBUS.2.1.0
2026-06-17 21:56:40,769 [WARN] PackLoader:240 - Cannot read IP mode file for STMicroelectronics.X-CUBE-AZRTOS-F7.1.1.0
2026-06-17 21:56:40,782 [WARN] PackLoader:240 - Cannot read IP mode file for STMicroelectronics.FP-SNS-MOTENV1.5.1.0
2026-06-17 21:56:40,799 [WARN] PackLoader:240 - Cannot read IP mode file for WES.I-CUBE-Cesium.1.4.0
2026-06-17 21:56:40,810 [WARN] PackLoader:240 - Cannot read IP mode file for STMicroelectronics.X-CUBE-DISPLAY.3.0.0
2026-06-17 21:56:40,828 [WARN] PackLoader:240 - Cannot read IP mode file for STMicroelectronics.X-CUBE-GNSS1.7.1.1
2026-06-17 21:56:40,837 [WARN] PackLoader:240 - Cannot read IP mode file for STMicroelectronics.FP-SNS-MOTENVWB1.1.5.0
2026-06-17 21:56:40,844 [WARN] PackLoader:240 - Cannot read IP mode file for wolfSSL.I-CUBE-wolfSSL.5.9.1
2026-06-17 21:56:40,854 [WARN] PackLoader:240 - Cannot read IP mode file for STMicroelectronics.X-CUBE-NFC10.1.0.0
2026-06-17 21:56:40,863 [WARN] PackLoader:240 - Cannot read IP mode file for STMicroelectronics.X-CUBE-ST60.1.1.0
2026-06-17 21:56:40,872 [WARN] PackLoader:240 - Cannot read IP mode file for emotas.I-CUBE-CANOPEN.1.3.0
2026-06-17 21:56:40,882 [WARN] PackLoader:240 - Cannot read IP mode file for STMicroelectronics.FP-SNS-STBOX1.2.1.0
2026-06-17 21:56:40,892 [WARN] PackLoader:240 - Cannot read IP mode file for STMicroelectronics.FP-SNS-SMARTAG2.1.2.0
2026-06-17 21:56:40,897 [WARN] PackLoader:240 - Cannot read IP mode file for STMicroelectronics.FP-SNS-FLIGHT1.5.1.0
2026-06-17 21:56:40,909 [INFO] LogOutputStream:77 - [STDOUT_REDIRECT] 1 : Invalid condition id : UX_CORESTACK_Condition cause : null
2026-06-17 21:56:40,911 [INFO] LogOutputStream:77 - [STDOUT_REDIRECT] 1 : Invalid condition id : UX_CORESTACK_Condition cause : null
2026-06-17 21:56:40,912 [INFO] LogOutputStream:77 - [STDOUT_REDIRECT] 1 : Invalid condition id : UX_CORESTACK_Condition cause : null
2026-06-17 21:56:40,915 [INFO] LogOutputStream:77 - [STDOUT_REDIRECT] 1 : Invalid condition id : UX_CORESTACK_Condition cause : null
2026-06-17 21:56:40,917 [INFO] LogOutputStream:77 - [STDOUT_REDIRECT] 1 : Invalid condition id : UX_CORESTACK_Condition cause : null
2026-06-17 21:56:40,920 [WARN] PackLoader:240 - Cannot read IP mode file for STMicroelectronics.X-CUBE-AZRTOS-WL.2.0.0
2026-06-17 21:56:40,937 [WARN] PackLoader:240 - Cannot read IP mode file for STMicroelectronics.X-CUBE-AZRTOS-H7RS.1.2.0
2026-06-17 21:56:40,946 [WARN] PackLoader:240 - Cannot read IP mode file for STMicroelectronics.X-CUBE-BLE2.3.3.0
2026-06-17 21:56:41,145 [WARN] PackLoader:240 - Cannot read IP mode file for Infineon.AIROC-Wi-Fi-Bluetooth-STM32.1.8.0
2026-06-17 21:56:41,159 [WARN] PackLoader:240 - Cannot read IP mode file for STMicroelectronics.X-CUBE-NFC9.1.0.0
2026-06-17 21:56:41,167 [WARN] PackLoader:240 - Cannot read IP mode file for STMicroelectronics.X-CUBE-BLE1.7.1.0
2026-06-17 21:56:41,173 [WARN] PackLoader:240 - Cannot read IP mode file for wolfSSL.I-CUBE-wolfMQTT.1.19.2
2026-06-17 21:56:41,181 [WARN] PackLoader:240 - Cannot read IP mode file for STMicroelectronics.X-CUBE-EEPRMA1.5.2.0
2026-06-17 21:56:41,189 [WARN] PackLoader:240 - Cannot read IP mode file for STMicroelectronics.FP-SNS-STAIOTCFT.1.1.0
2026-06-17 21:56:41,205 [WARN] PackLoader:240 - Cannot read IP mode file for STMicroelectronics.X-CUBE-AZRTOS-G0.1.1.0
2026-06-17 21:56:41,215 [WARN] PackLoader:240 - Cannot read IP mode file for STMicroelectronics.X-CUBE-NFC4.3.0.0
2026-06-17 21:56:41,225 [WARN] PackLoader:240 - Cannot read IP mode file for EmbeddedOffice.I-CUBE-FS-RTOS.1.0.1
2026-06-17 21:56:41,232 [WARN] PackLoader:240 - Cannot read IP mode file for wolfSSL.I-CUBE-wolfTPM.3.8.0
2026-06-17 21:56:41,239 [WARN] PackLoader:240 - Cannot read IP mode file for STMicroelectronics.X-CUBE-TCPP.4.2.0
2026-06-17 21:56:41,247 [WARN] PackLoader:240 - Cannot read IP mode file for RealThread.X-CUBE-RT-Thread_Nano.4.1.1
2026-06-17 21:56:41,253 [WARN] PackLoader:240 - Cannot read IP mode file for STMicroelectronics.FP-ATR-SIGFOX1.3.2.0
2026-06-17 21:56:41,260 [WARN] PackLoader:240 - Cannot read IP mode file for STMicroelectronics.X-CUBE-FREERTOS.1.5.0
2026-06-17 21:56:41,268 [WARN] PackLoader:240 - Cannot read IP mode file for ITTIA_DB.I-CUBE-ITTIADB.8.9.0
2026-06-17 21:56:41,275 [WARN] PackLoader:240 - Cannot read IP mode file for Cesanta.I-CUBE-Mongoose.7.21.7
2026-06-17 21:56:41,294 [WARN] PackLoader:240 - Cannot read IP mode file for STMicroelectronics.X-CUBE-NFC6.3.2.0
2026-06-17 21:56:41,302 [WARN] PackLoader:240 - Cannot read IP mode file for STMicroelectronics.X-CUBE-AI.10.2.0
2026-06-17 21:56:41,342 [WARN] PackLoader:240 - Cannot read IP mode file for STMicroelectronics.X-CUBE-MEMS1.12.1.0
2026-06-17 21:56:41,465 [WARN] PackLoader:240 - Cannot read IP mode file for SEGGER.I-CUBE-embOS.1.3.1
2026-06-17 21:56:41,505 [WARN] PackLoader:240 - Cannot read IP mode file for STMicroelectronics.X-CUBE-NFC13.1.0.0
2026-06-17 21:56:41,518 [WARN] PackLoader:240 - Cannot read IP mode file for STMicroelectronics.X-CUBE-PM33A1.1.0.0
2026-06-17 21:56:41,560 [WARN] PackLoader:240 - Cannot read IP mode file for STMicroelectronics.X-CUBE-AZRTOS-F4.1.1.0
2026-06-17 21:56:41,627 [WARN] PackLoader:240 - Cannot read IP mode file for STMicroelectronics.X-CUBE-ISPU.2.1.0
2026-06-17 21:56:41,654 [WARN] PackLoader:240 - Cannot read IP mode file for STMicroelectronics.X-CUBE-IPS.3.2.0
2026-06-17 21:56:41,669 [WARN] PackLoader:240 - Cannot read IP mode file for STMicroelectronics.eDS-WB_DPC_TT-BIDIR.2.1.1
2026-06-17 21:56:41,677 [WARN] PackLoader:240 - Cannot read IP mode file for STMicroelectronics.X-CUBE-NFC12.1.0.0
2026-06-17 21:56:41,695 [WARN] PackLoader:240 - Cannot read IP mode file for STMicroelectronics.X-CUBE-AZRTOS-L5.2.0.0
2026-06-17 21:56:41,706 [WARN] PackLoader:240 - Cannot read IP mode file for STMicroelectronics.X-CUBE-ALGOBUILD.1.5.0
2026-06-17 21:56:41,712 [WARN] PackLoader:240 - Cannot read IP mode file for STMicroelectronics.eDS-WB_DPC_VIENNA.1.2.0
2026-06-17 21:56:41,718 [WARN] PackLoader:240 - Cannot read IP mode file for STMicroelectronics.eDS-WB_DPC_3PH2L-BIDIR.1.1.1
2026-06-17 21:56:41,721 [ERROR] Engine:466 - C:\Users\HP\.stm32cubemx\thirdparties\pdsc\STMicroelectronics.X-CUBE-ST67W61.1.3.0.pdsc: PDSC version is not supported
2026-06-17 21:56:41,738 [WARN] PackLoader:240 - Cannot read IP mode file for STMicroelectronics.X-CUBE-TOUCHGFX.4.26.1
2026-06-17 21:56:41,743 [WARN] PackLoader:240 - Cannot read IP mode file for STMicroelectronics.X-CUBE-DPower.1.3.0
2026-06-17 21:56:41,758 [WARN] ConditionMgr:438 - getConditionDescription Invalid condition id : LAN8742 Phy interface Condition cause : null
2026-06-17 21:56:41,759 [WARN] PackLoader:240 - Cannot read IP mode file for STMicroelectronics.X-CUBE-AZRTOS-L4.2.0.0
2026-06-17 21:56:41,760 [WARN] ConditionMgr:1044 - genDependencies : Invalid condition id : LAN8742 Phy interface Condition cause : null
2026-06-17 21:56:41,760 [WARN] ConditionMgr:1044 - genDependencies : Invalid condition id : LAN8742 Phy interface Condition cause : null
2026-06-17 21:56:41,761 [WARN] ConditionMgr:1044 - genDependencies : Invalid condition id : LAN8742 Phy interface Condition cause : null
2026-06-17 21:56:41,768 [WARN] PackLoader:240 - Cannot read IP mode file for STMicroelectronics.X-CUBE-SFXS2LP1.4.0.0
2026-06-17 21:56:41,777 [WARN] PackLoader:240 - Cannot read IP mode file for STMicroelectronics.X-CUBE-WB05N.2.1.0
2026-06-17 21:56:41,788 [WARN] PackLoader:240 - Cannot read IP mode file for STMicroelectronics.X-CUBE-BLEMGR.4.1.0
2026-06-17 21:56:41,802 [WARN] ConditionMgr:438 - getConditionDescription Invalid condition id : UX DEVICE CLASS RTOS Condition cause : null
2026-06-17 21:56:41,802 [WARN] ConditionMgr:438 - getConditionDescription Invalid condition id : UX DEVICE CLASS RTOS Condition cause : null
2026-06-17 21:56:41,805 [WARN] PackLoader:240 - Cannot read IP mode file for STMicroelectronics.X-CUBE-AZRTOS-WB.2.0.0
2026-06-17 21:56:41,806 [WARN] ConditionMgr:1044 - genDependencies : Invalid condition id : UX DEVICE CLASS RTOS Condition cause : null
2026-06-17 21:56:41,806 [WARN] ConditionMgr:1044 - genDependencies : Invalid condition id : UX DEVICE CLASS RTOS Condition cause : null
2026-06-17 21:56:41,807 [WARN] ConditionMgr:1044 - genDependencies : Invalid condition id : UX DEVICE CLASS RTOS Condition cause : null
2026-06-17 21:56:41,807 [WARN] ConditionMgr:1044 - genDependencies : Invalid condition id : UX DEVICE CLASS RTOS Condition cause : null
2026-06-17 21:56:41,807 [WARN] ConditionMgr:1044 - genDependencies : Invalid condition id : UX DEVICE CLASS RTOS Condition cause : null
2026-06-17 21:56:41,813 [WARN] ConditionMgr:438 - getConditionDescription Invalid condition id : Cortex-A Device cause : null
2026-06-17 21:56:41,824 [WARN] ConditionMgr:1044 - genDependencies : Invalid condition id : Cortex-A Device cause : null
2026-06-17 21:56:41,824 [WARN] ConditionMgr:1044 - genDependencies : Invalid condition id : Cortex-A Device cause : null
2026-06-17 21:56:41,824 [WARN] ConditionMgr:1044 - genDependencies : Invalid condition id : Cortex-A Device cause : null
2026-06-17 21:56:41,831 [WARN] PackLoader:240 - Cannot read IP mode file for STMicroelectronics.X-CUBE-STSE01.2.0.0
2026-06-17 21:56:41,841 [WARN] PackLoader:240 - Cannot read IP mode file for STMicroelectronics.X-CUBE-SUBG2.5.0.0
2026-06-17 21:56:41,857 [WARN] PackLoader:240 - Cannot read IP mode file for STMicroelectronics.X-CUBE-AZRTOS-G4.2.0.0
2026-06-17 21:56:41,863 [WARN] PackLoader:240 - Cannot read IP mode file for wolfSSL.I-CUBE-wolfSSH.1.4.20
2026-06-17 21:56:41,869 [WARN] PackLoader:240 - Cannot read IP mode file for STMicroelectronics.X-CUBE-NFC7.2.0.0
2026-06-17 21:56:41,876 [WARN] PackLoader:240 - Cannot read IP mode file for STMicroelectronics.X-CUBE-ALS.1.0.2
2026-06-17 21:56:41,889 [WARN] PackLoader:240 - Cannot read IP mode file for STMicroelectronics.X-CUBE-TOF1.3.4.3
2026-06-17 21:56:41,902 [INFO] ThirdParty:978 - Integrity check success = true
2026-06-17 21:56:41,902 [INFO] IntegrityCheckThread:100 - exiting critical section [integrity check]
2026-06-17 21:56:41,902 [INFO] IntegrityCheckThread:103 - End integrity checks thread
2026-06-17 21:56:43,185 [INFO] WebApp:169 - Instantiating new browser for Auth
2026-06-17 21:56:44,064 [INFO] WebApp:463 - Apply proxy settings
2026-06-17 21:56:44,070 [INFO] WebApp:508 - Chromium authenticates against Manually configured proxy
2026-06-17 21:56:44,081 [INFO] WebApp:516 - Username used for proxy authentication: 
2026-06-17 21:56:44,128 [INFO] WebApp:900 - Register for checkConnection events
2026-06-17 21:56:44,128 [INFO] WebApp:463 - Apply proxy settings
2026-06-17 21:56:44,132 [INFO] WebApp:508 - Chromium authenticates against Manually configured proxy
2026-06-17 21:56:44,133 [INFO] WebApp:516 - Username used for proxy authentication: 
2026-06-17 21:56:44,450 [INFO] WebApp:225 - Starting web application
2026-06-17 21:56:44,450 [INFO] WebApp:593 - Web application path used C:\ST\STM32CubeIDE_1.19.0\STM32CubeIDE\plugins\com.st.stm32cube.common.mx_6.15.0.202507011659\db\plugins\mcufinder\reactClient1\index.html
2026-06-17 21:56:44,736 [INFO] WebApp:191 - Connection restablished
2026-06-17 21:56:47,539 [ERROR] LogOutputStream:75 - [STDERR_REDIRECT] 
