2026-07-15 00:30:51,496 [INFO] Activator:176 - 


2026-07-15 00:30:51,500 [INFO] Activator:177 - !SESSION log4j initialized
2026-07-15 00:30:56,600 [INFO] LogOutputStream:77 - [STDOUT_REDIRECT] 
2026-07-15 00:30:58,625 [INFO] ApplicationProperties:184 - Using Application install path: C:\ST\STM32CubeIDE_1.19.0\STM32CubeIDE\plugins\com.st.stm32cube.common.mx_6.15.0.202507011659
2026-07-15 00:30:58,642 [INFO] DbMcusXml:78 - Set database path to: C:\ST\STM32CubeIDE_1.19.0\STM32CubeIDE\plugins\com.st.stm32cube.common.mx_6.15.0.202507011659\\db\/mcu/
2026-07-15 00:30:58,642 [INFO] ApiDb:274 - Set plugin database path to: C:\ST\STM32CubeIDE_1.19.0\STM32CubeIDE\plugins\com.st.stm32cube.common.mx_6.15.0.202507011659\\db\/plugins/boardmanager/
2026-07-15 00:30:58,643 [WARN] ApiDb:259 - Overriding images path with different value:  => C:\ST\STM32CubeIDE_1.19.0\STM32CubeIDE\plugins\com.st.stm32cube.common.mx_6.15.0.202507011659\\db\/plugins/mcufinder/images/
2026-07-15 00:30:58,651 [INFO] ApiDb:250 - Set database path to: C:\Users\HP\.stmcufinder\plugins\mcufinder//mcu/
2026-07-15 00:30:58,652 [INFO] DbMcusAds:125 - Set database path to: C:\Users\HP\.stmcufinder\plugins\mcufinder//mcu/
2026-07-15 00:30:58,654 [INFO] CrossReferenceDbSqlite:203 - Set database path to: C:\Users\HP\.stmcufinder\plugins\mcufinder//mcu/cs/
2026-07-15 00:30:58,748 [INFO] RulesReader:64 - Compatibility file has been processed (317 Rules)
2026-07-15 00:30:58,825 [INFO] DbMcusXml:78 - Set database path to: C:\ST\STM32CubeIDE_1.19.0\STM32CubeIDE\plugins\com.st.stm32cube.common.mx_6.15.0.202507011659\\db\/mcu/
2026-07-15 00:30:58,825 [INFO] ApiDb:274 - Set plugin database path to: C:\ST\STM32CubeIDE_1.19.0\STM32CubeIDE\plugins\com.st.stm32cube.common.mx_6.15.0.202507011659\\db\/plugins/boardmanager/
2026-07-15 00:30:58,825 [INFO] ApiDb:261 - Set plugin images path to: C:\ST\STM32CubeIDE_1.19.0\STM32CubeIDE\plugins\com.st.stm32cube.common.mx_6.15.0.202507011659\\db\/plugins/mcufinder/images/
2026-07-15 00:30:58,826 [WARN] DbFile:41 - Overriding database path with different value: C:\Users\HP\.stmcufinder\plugins\mcufinder/ => C:\Users\HP\.stmcufinder\plugins\mcufinder
2026-07-15 00:30:58,826 [INFO] ApiDb:250 - Set database path to: C:\Users\HP\.stmcufinder\plugins\mcufinder//mcu/
2026-07-15 00:30:58,826 [WARN] DbFile:41 - Overriding database path with different value: C:\Users\HP\.stmcufinder\plugins\mcufinder/ => C:\Users\HP\.stmcufinder\plugins\mcufinder
2026-07-15 00:30:58,826 [INFO] DbMcusAds:125 - Set database path to: C:\Users\HP\.stmcufinder\plugins\mcufinder//mcu/
2026-07-15 00:30:58,826 [WARN] DbFile:41 - Overriding database path with different value: C:\Users\HP\.stmcufinder\plugins\mcufinder/ => C:\Users\HP\.stmcufinder\plugins\mcufinder
2026-07-15 00:30:58,826 [WARN] DbFile:41 - Overriding database path with different value: C:\Users\HP\.stmcufinder\plugins\mcufinder/ => C:\Users\HP\.stmcufinder\plugins\mcufinder
2026-07-15 00:30:58,826 [INFO] CrossReferenceDbSqlite:203 - Set database path to: C:\Users\HP\.stmcufinder\plugins\mcufinder//mcu/cs/
2026-07-15 00:30:58,898 [INFO] MainPanel:274 - HeapMemory: 268435456
2026-07-15 00:30:58,987 [INFO] DbMcusXml:78 - Set database path to: C:\ST\STM32CubeIDE_1.19.0\STM32CubeIDE\plugins\com.st.stm32cube.common.mx_6.15.0.202507011659\\db\/mcu/
2026-07-15 00:30:58,987 [INFO] ApiDb:274 - Set plugin database path to: C:\ST\STM32CubeIDE_1.19.0\STM32CubeIDE\plugins\com.st.stm32cube.common.mx_6.15.0.202507011659\\db\/plugins/boardmanager/
2026-07-15 00:30:58,987 [INFO] ApiDb:261 - Set plugin images path to: C:\ST\STM32CubeIDE_1.19.0\STM32CubeIDE\plugins\com.st.stm32cube.common.mx_6.15.0.202507011659\\db\/plugins/mcufinder/images/
2026-07-15 00:30:58,987 [WARN] DbFile:41 - Overriding database path with different value: C:\Users\HP\.stmcufinder\plugins\mcufinder/ => C:\Users\HP\.stmcufinder\plugins\mcufinder
2026-07-15 00:30:58,987 [INFO] ApiDb:250 - Set database path to: C:\Users\HP\.stmcufinder\plugins\mcufinder//mcu/
2026-07-15 00:30:58,987 [WARN] DbFile:41 - Overriding database path with different value: C:\Users\HP\.stmcufinder\plugins\mcufinder/ => C:\Users\HP\.stmcufinder\plugins\mcufinder
2026-07-15 00:30:58,987 [INFO] DbMcusAds:125 - Set database path to: C:\Users\HP\.stmcufinder\plugins\mcufinder//mcu/
2026-07-15 00:30:58,987 [WARN] DbFile:41 - Overriding database path with different value: C:\Users\HP\.stmcufinder\plugins\mcufinder/ => C:\Users\HP\.stmcufinder\plugins\mcufinder
2026-07-15 00:30:58,988 [WARN] DbFile:41 - Overriding database path with different value: C:\Users\HP\.stmcufinder\plugins\mcufinder/ => C:\Users\HP\.stmcufinder\plugins\mcufinder
2026-07-15 00:30:58,988 [INFO] CrossReferenceDbSqlite:203 - Set database path to: C:\Users\HP\.stmcufinder\plugins\mcufinder//mcu/cs/
2026-07-15 00:30:59,005 [INFO] ApplicationProperties:184 - Using Application install path: C:\ST\STM32CubeIDE_1.19.0\STM32CubeIDE\plugins\com.st.stm32cube.common.mx_6.15.0.202507011659
2026-07-15 00:30:59,007 [INFO] PluginManage:196 - Search for loadable plugins [exclusion list=, ]
2026-07-15 00:30:59,009 [INFO] PluginManage:310 - Check plugin analytics
2026-07-15 00:30:59,210 [INFO] AnalyticsPlugin:253 - Accepted Software Licenses: 
2026-07-15 00:30:59,210 [INFO] AnalyticsPlugin:255 - Accepted CMSIS Pack Licenses: 
2026-07-15 00:30:59,211 [INFO] AnalyticsPlugin:257 - Accepted Firmware Licenses: FW.F4.1.28.0
2026-07-15 00:30:59,215 [INFO] PluginManage:359 - Loaded plugin analytics (category:tool,tabindex:-1)
2026-07-15 00:30:59,215 [INFO] PluginManage:310 - Check plugin cadmodel
2026-07-15 00:30:59,221 [INFO] CADModel:105 - Init CAD model plugin
2026-07-15 00:30:59,221 [INFO] PluginManage:359 - Loaded plugin cadmodel (category:power,tabindex:5)
2026-07-15 00:30:59,221 [INFO] PluginManage:310 - Check plugin clock
2026-07-15 00:30:59,230 [INFO] PluginManage:359 - Loaded plugin clock (category:base,tabindex:2)
2026-07-15 00:30:59,230 [INFO] PluginManage:310 - Check plugin ddr
2026-07-15 00:30:59,232 [INFO] PluginManage:359 - Loaded plugin ddr (category:tool,tabindex:6)
2026-07-15 00:30:59,233 [INFO] PluginManage:310 - Check plugin filemanager
2026-07-15 00:30:59,357 [INFO] PluginManage:359 - Loaded plugin filemanager (category:base,tabindex:10)
2026-07-15 00:30:59,357 [INFO] PluginManage:310 - Check plugin ipmanager
2026-07-15 00:30:59,363 [INFO] PluginManage:359 - Loaded plugin ipmanager (category:base,tabindex:5)
2026-07-15 00:30:59,363 [INFO] PluginManage:310 - Check plugin lpbam
2026-07-15 00:30:59,370 [INFO] PluginManage:359 - Loaded plugin lpbam (category:base,tabindex:0)
2026-07-15 00:30:59,370 [INFO] PluginManage:310 - Check plugin memorymap
2026-07-15 00:30:59,382 [INFO] PluginManage:359 - Loaded plugin memorymap (category:base,tabindex:4)
2026-07-15 00:30:59,382 [INFO] PluginManage:310 - Check plugin pinoutandconfiguration
2026-07-15 00:30:59,389 [INFO] PluginManage:359 - Loaded plugin pinoutandconfiguration (category:base,tabindex:1)
2026-07-15 00:30:59,389 [INFO] PluginManage:310 - Check plugin pinoutconfig
2026-07-15 00:30:59,475 [WARN] SupportedApi:132 - Cannot load RTOS API schema: s4s-elt-must-match.1: The content of 'definitions' must match (annotation?, (simpleType | complexType)?, (unique | key | keyref)*)). A problem was found starting at: attribute.
2026-07-15 00:30:59,587 [INFO] PluginManage:359 - Loaded plugin pinoutconfig (category:base,tabindex:0)
2026-07-15 00:30:59,587 [INFO] PluginManage:310 - Check plugin power
2026-07-15 00:30:59,596 [INFO] PluginManage:359 - Loaded plugin power (category:power,tabindex:4)
2026-07-15 00:30:59,596 [INFO] PluginManage:310 - Check plugin projectmanager
2026-07-15 00:30:59,611 [INFO] PluginManage:359 - Loaded plugin projectmanager (category:projectmanager,tabindex:4)
2026-07-15 00:30:59,611 [INFO] PluginManage:310 - Check plugin rif
2026-07-15 00:30:59,620 [INFO] PluginManage:359 - Loaded plugin rif (category:base,tabindex:3)
2026-07-15 00:30:59,620 [INFO] PluginManage:310 - Check plugin thirdparty
2026-07-15 00:30:59,730 [INFO] PluginManage:359 - Loaded plugin thirdparty (category:base,tabindex:-1)
2026-07-15 00:30:59,730 [WARN] IntegrityCheckThread:84 - waiting for thirdparty lock release [integrity check]
2026-07-15 00:30:59,730 [INFO] PluginManage:310 - Check plugin tools
2026-07-15 00:30:59,730 [INFO] IntegrityCheckThread:86 - entering critical section [integrity check]
2026-07-15 00:30:59,731 [INFO] ThirdPartyUpdaterWithRetryManager:70 - Updater plugin not ready yet. [1/15]
2026-07-15 00:30:59,733 [INFO] PluginManage:359 - Loaded plugin tools (category:base,tabindex:7)
2026-07-15 00:30:59,733 [INFO] PluginManage:310 - Check plugin tutovideos
2026-07-15 00:30:59,902 [INFO] PluginManage:359 - Loaded plugin tutovideos (category:base,tabindex:-1)
2026-07-15 00:30:59,903 [INFO] PluginManage:310 - Check plugin updater
2026-07-15 00:30:59,921 [INFO] PluginManage:359 - Loaded plugin updater (category:base,tabindex:12)
2026-07-15 00:30:59,922 [INFO] PluginManage:310 - Check plugin userauth
2026-07-15 00:30:59,925 [INFO] UserAuth:118 - Init User Auth plugin
2026-07-15 00:30:59,926 [INFO] PluginManage:359 - Loaded plugin userauth (category:base,tabindex:14)
2026-07-15 00:30:59,926 [INFO] PluginManage:283 - PluginManage : Loaded plugins [18]
2026-07-15 00:31:00,105 [INFO] PinOutPanel:1589 - setPackage(No Configuration,No Configuration)
2026-07-15 00:31:00,181 [INFO] CADModel:165 - CPN selected for project level
2026-07-15 00:31:00,182 [INFO] CADModel:114 - Register for checkConnection events
2026-07-15 00:31:00,200 [INFO] IPUIPlugin:80 - create IPUIPlugin
2026-07-15 00:31:00,200 [INFO] PluginManager:220 - loadIPPluginJar : add adc
2026-07-15 00:31:00,204 [INFO] IPUIPlugin:80 - create IPUIPlugin
2026-07-15 00:31:00,204 [INFO] PluginManager:220 - loadIPPluginJar : add aes
2026-07-15 00:31:00,206 [INFO] IPUIPlugin:80 - create IPUIPlugin
2026-07-15 00:31:00,207 [INFO] PluginManager:220 - loadIPPluginJar : add can
2026-07-15 00:31:00,209 [INFO] IPUIPlugin:80 - create IPUIPlugin
2026-07-15 00:31:00,209 [INFO] PluginManager:220 - loadIPPluginJar : add comp
2026-07-15 00:31:00,212 [INFO] IPUIPlugin:80 - create IPUIPlugin
2026-07-15 00:31:00,212 [INFO] PluginManager:220 - loadIPPluginJar : add cryp
2026-07-15 00:31:00,215 [INFO] IPUIPlugin:80 - create IPUIPlugin
2026-07-15 00:31:00,215 [INFO] PluginManager:220 - loadIPPluginJar : add ddr_ctrl_phy
2026-07-15 00:31:00,217 [INFO] IPUIPlugin:80 - create IPUIPlugin
2026-07-15 00:31:00,218 [INFO] PluginManager:220 - loadIPPluginJar : add dfsdm
2026-07-15 00:31:00,223 [INFO] IPUIPlugin:80 - create IPUIPlugin
2026-07-15 00:31:00,224 [INFO] PluginManager:220 - loadIPPluginJar : add dma
2026-07-15 00:31:00,227 [INFO] IPUIPlugin:80 - create IPUIPlugin
2026-07-15 00:31:00,227 [INFO] PluginManager:220 - loadIPPluginJar : add dma3
2026-07-15 00:31:00,231 [INFO] IPUIPlugin:80 - create IPUIPlugin
2026-07-15 00:31:00,231 [INFO] PluginManager:220 - loadIPPluginJar : add extmemmanager
2026-07-15 00:31:00,232 [INFO] IPUIPlugin:80 - create IPUIPlugin
2026-07-15 00:31:00,232 [INFO] PluginManager:220 - loadIPPluginJar : add fatfs
2026-07-15 00:31:00,238 [INFO] IPUIPlugin:80 - create IPUIPlugin
2026-07-15 00:31:00,238 [INFO] PluginManager:220 - loadIPPluginJar : add fmc
2026-07-15 00:31:00,245 [INFO] IPUIPlugin:80 - create IPUIPlugin
2026-07-15 00:31:00,245 [INFO] PluginManager:220 - loadIPPluginJar : add freertos
2026-07-15 00:31:00,247 [INFO] IPUIPlugin:80 - create IPUIPlugin
2026-07-15 00:31:00,247 [INFO] PluginManager:220 - loadIPPluginJar : add genericplugin
2026-07-15 00:31:00,251 [INFO] IPUIPlugin:80 - create IPUIPlugin
2026-07-15 00:31:00,251 [INFO] PluginManager:220 - loadIPPluginJar : add gfxmmu
2026-07-15 00:31:00,256 [INFO] IPUIPlugin:80 - create IPUIPlugin
2026-07-15 00:31:00,256 [INFO] PluginManager:220 - loadIPPluginJar : add gic
2026-07-15 00:31:00,261 [INFO] IPUIPlugin:80 - create IPUIPlugin
2026-07-15 00:31:00,261 [INFO] PluginManager:220 - loadIPPluginJar : add gpio
2026-07-15 00:31:00,265 [INFO] IPUIPlugin:80 - create IPUIPlugin
2026-07-15 00:31:00,265 [INFO] PluginManager:220 - loadIPPluginJar : add gtzc
2026-07-15 00:31:00,267 [INFO] IPUIPlugin:80 - create IPUIPlugin
2026-07-15 00:31:00,268 [INFO] PluginManager:220 - loadIPPluginJar : add hash
2026-07-15 00:31:00,271 [INFO] IPUIPlugin:80 - create IPUIPlugin
2026-07-15 00:31:00,271 [INFO] PluginManager:220 - loadIPPluginJar : add i2c
2026-07-15 00:31:00,274 [INFO] IPUIPlugin:80 - create IPUIPlugin
2026-07-15 00:31:00,274 [INFO] PluginManager:220 - loadIPPluginJar : add i2s
2026-07-15 00:31:00,277 [INFO] IPUIPlugin:80 - create IPUIPlugin
2026-07-15 00:31:00,277 [INFO] PluginManager:220 - loadIPPluginJar : add i3c
2026-07-15 00:31:00,281 [INFO] IPUIPlugin:80 - create IPUIPlugin
2026-07-15 00:31:00,281 [INFO] PluginManager:220 - loadIPPluginJar : add ipddr
2026-07-15 00:31:00,288 [INFO] IPUIPlugin:80 - create IPUIPlugin
2026-07-15 00:31:00,289 [INFO] PluginManager:220 - loadIPPluginJar : add linkedlist
2026-07-15 00:31:00,292 [INFO] IPUIPlugin:80 - create IPUIPlugin
2026-07-15 00:31:00,292 [INFO] PluginManager:220 - loadIPPluginJar : add lorawan
2026-07-15 00:31:00,294 [INFO] IPUIPlugin:80 - create IPUIPlugin
2026-07-15 00:31:00,294 [INFO] PluginManager:220 - loadIPPluginJar : add ltdc
2026-07-15 00:31:00,299 [INFO] IPUIPlugin:80 - create IPUIPlugin
2026-07-15 00:31:00,299 [INFO] PluginManager:220 - loadIPPluginJar : add mdma
2026-07-15 00:31:00,303 [INFO] IPUIPlugin:80 - create IPUIPlugin
2026-07-15 00:31:00,303 [INFO] PluginManager:220 - loadIPPluginJar : add nvic
2026-07-15 00:31:00,306 [INFO] IPUIPlugin:80 - create IPUIPlugin
2026-07-15 00:31:00,306 [INFO] PluginManager:220 - loadIPPluginJar : add opamp
2026-07-15 00:31:00,309 [INFO] IPUIPlugin:80 - create IPUIPlugin
2026-07-15 00:31:00,309 [INFO] PluginManager:220 - loadIPPluginJar : add openamp
2026-07-15 00:31:00,312 [INFO] IPUIPlugin:80 - create IPUIPlugin
2026-07-15 00:31:00,312 [INFO] PluginManager:220 - loadIPPluginJar : add pdm2pcm
2026-07-15 00:31:00,317 [INFO] IPUIPlugin:80 - create IPUIPlugin
2026-07-15 00:31:00,319 [INFO] PluginManager:220 - loadIPPluginJar : add plateformsettings
2026-07-15 00:31:00,321 [INFO] IPUIPlugin:80 - create IPUIPlugin
2026-07-15 00:31:00,321 [INFO] PluginManager:220 - loadIPPluginJar : add quadspi
2026-07-15 00:31:00,322 [INFO] IPUIPlugin:80 - create IPUIPlugin
2026-07-15 00:31:00,323 [INFO] PluginManager:220 - loadIPPluginJar : add radio
2026-07-15 00:31:00,327 [INFO] IPUIPlugin:80 - create IPUIPlugin
2026-07-15 00:31:00,327 [INFO] PluginManager:220 - loadIPPluginJar : add resmgrutility
2026-07-15 00:31:00,331 [INFO] IPUIPlugin:80 - create IPUIPlugin
2026-07-15 00:31:00,331 [INFO] PluginManager:220 - loadIPPluginJar : add sai
2026-07-15 00:31:00,333 [INFO] IPUIPlugin:80 - create IPUIPlugin
2026-07-15 00:31:00,333 [INFO] PluginManager:220 - loadIPPluginJar : add spi
2026-07-15 00:31:00,338 [INFO] IPUIPlugin:80 - create IPUIPlugin
2026-07-15 00:31:00,338 [INFO] PluginManager:220 - loadIPPluginJar : add stm32_wpan
2026-07-15 00:31:00,340 [INFO] IPUIPlugin:80 - create IPUIPlugin
2026-07-15 00:31:00,340 [INFO] PluginManager:220 - loadIPPluginJar : add tim
2026-07-15 00:31:00,342 [INFO] IPUIPlugin:80 - create IPUIPlugin
2026-07-15 00:31:00,343 [INFO] PluginManager:220 - loadIPPluginJar : add touchsensing
2026-07-15 00:31:00,344 [INFO] IPUIPlugin:80 - create IPUIPlugin
2026-07-15 00:31:00,345 [INFO] PluginManager:220 - loadIPPluginJar : add tracer_emb
2026-07-15 00:31:00,347 [INFO] IPUIPlugin:80 - create IPUIPlugin
2026-07-15 00:31:00,347 [INFO] PluginManager:220 - loadIPPluginJar : add ts
2026-07-15 00:31:00,348 [INFO] IPUIPlugin:80 - create IPUIPlugin
2026-07-15 00:31:00,348 [INFO] PluginManager:220 - loadIPPluginJar : add tsc
2026-07-15 00:31:00,349 [INFO] IPUIPlugin:80 - create IPUIPlugin
2026-07-15 00:31:00,349 [INFO] PluginManager:220 - loadIPPluginJar : add ucpd
2026-07-15 00:31:00,352 [INFO] IPUIPlugin:80 - create IPUIPlugin
2026-07-15 00:31:00,352 [INFO] PluginManager:220 - loadIPPluginJar : add usart
2026-07-15 00:31:00,356 [INFO] IPUIPlugin:80 - create IPUIPlugin
2026-07-15 00:31:00,356 [INFO] PluginManager:220 - loadIPPluginJar : add usbx
2026-07-15 00:31:00,467 [FATAL] Updater:351 - Updater called before beeing initialized
2026-07-15 00:31:00,498 [INFO] RulesReader:64 - Compatibility file has been processed (317 Rules)
2026-07-15 00:31:00,511 [INFO] RulesReader:64 - Compatibility file has been processed (317 Rules)
2026-07-15 00:31:00,526 [INFO] CADModel:165 - CPN selected for project level
2026-07-15 00:31:00,526 [INFO] CADModel:114 - Register for checkConnection events
2026-07-15 00:31:00,526 [FATAL] Updater:351 - Updater called before beeing initialized
2026-07-15 00:31:00,526 [ERROR] CADModel:125 - Updater not yet initialized, retry later 
2026-07-15 00:31:00,647 [FATAL] Updater:351 - Updater called before beeing initialized
2026-07-15 00:31:00,649 [INFO] CADModel:165 - CPN selected for project level
2026-07-15 00:31:00,649 [INFO] CADModel:114 - Register for checkConnection events
2026-07-15 00:31:00,649 [FATAL] Updater:351 - Updater called before beeing initialized
2026-07-15 00:31:00,649 [ERROR] CADModel:125 - Updater not yet initialized, retry later 
2026-07-15 00:31:00,651 [FATAL] Updater:351 - Updater called before beeing initialized
2026-07-15 00:31:00,728 [FATAL] Updater:351 - Updater called before beeing initialized
2026-07-15 00:31:00,731 [INFO] DbMcusAds:53 - JSON generation date=Thu May 28 21:38:17 IST 2026 (1779984497073)
2026-07-15 00:31:00,732 [FATAL] Updater:351 - Updater called before beeing initialized
2026-07-15 00:31:00,780 [WARN] DetailPanel:346 - Failed to get advertising image, set to default
2026-07-15 00:31:00,896 [FATAL] Updater:351 - Updater called before beeing initialized
2026-07-15 00:31:00,897 [FATAL] Updater:351 - Updater called before beeing initialized
2026-07-15 00:31:00,897 [FATAL] Updater:351 - Updater called before beeing initialized
2026-07-15 00:31:00,897 [WARN] DetailPanel:346 - Failed to get advertising image, set to default
2026-07-15 00:31:00,898 [FATAL] Updater:351 - Updater called before beeing initialized
2026-07-15 00:31:00,931 [ERROR] Updater:1198 - MainUpdater not yet initialized. External WinMGr cannot be set.
2026-07-15 00:31:00,933 [INFO] Updater:1134 - Updater Version found : 6.15.0
2026-07-15 00:31:00,945 [INFO] ApplicationProperties:184 - Using Application install path: C:\ST\STM32CubeIDE_1.19.0\STM32CubeIDE\plugins\com.st.stm32cube.common.mx_6.15.0.202507011659
2026-07-15 00:31:01,392 [INFO] MainUpdater:2872 - connection check result : 10
2026-07-15 00:31:01,393 [INFO] MainUpdater:289 - Updater Check For Update Now.
2026-07-15 00:31:01,393 [INFO] MicroXplorer:498 - Change Database Version : DB.6.0.150
2026-07-15 00:31:01,419 [INFO] McuFinderGlobals:63 - Set McuFinder mode to 2 (CubeIDE integrated)
2026-07-15 00:31:01,419 [INFO] UserAuth:171 - activating auth plugin
2026-07-15 00:31:01,423 [INFO] UserAuth:487 - Internet connection configuration mode: 1
2026-07-15 00:31:01,476 [INFO] JxBrowserEngine:152 - Initiate JxBrowser Engine with user profile folder
2026-07-15 00:31:01,579 [INFO] CheckServerUpdateThread:120 - End of CheckServer Thread
2026-07-15 00:31:03,088 [WARN] PackLoader:240 - Cannot read IP mode file for STMicroelectronics.X-CUBE-AZRTOS-H7.3.5.0
2026-07-15 00:31:03,100 [WARN] PackLoader:240 - Cannot read IP mode file for STMicroelectronics.FP-ATR-ASTRA1.2.0.2
2026-07-15 00:31:03,111 [ERROR] Engine:466 - C:\Users\HP\.stm32cubemx\thirdparties\pdsc\STMicroelectronics.X-CUBE-SMBUS.2.1.1.pdsc: PDSC version is not supported
2026-07-15 00:31:03,114 [WARN] PackLoader:240 - Cannot read IP mode file for STMicroelectronics.X-CUBE-SMBUS.2.1.0
2026-07-15 00:31:03,131 [WARN] PackLoader:240 - Cannot read IP mode file for STMicroelectronics.X-CUBE-AZRTOS-F7.1.1.0
2026-07-15 00:31:03,142 [WARN] PackLoader:240 - Cannot read IP mode file for STMicroelectronics.X-CUBE-FREERTOS.1.6.0
2026-07-15 00:31:03,147 [WARN] PackLoader:240 - Cannot read IP mode file for STMicroelectronics.FP-SNS-MOTENV1.5.1.0
2026-07-15 00:31:03,172 [WARN] PackLoader:240 - Cannot read IP mode file for STMicroelectronics.X-CUBE-AZRTOS-H7RS.1.3.0
2026-07-15 00:31:03,190 [WARN] PackLoader:240 - Cannot read IP mode file for WES.I-CUBE-Cesium.1.4.0
2026-07-15 00:31:03,197 [WARN] PackLoader:240 - Cannot read IP mode file for STMicroelectronics.X-CUBE-DISPLAY.3.0.0
2026-07-15 00:31:03,214 [WARN] PackLoader:240 - Cannot read IP mode file for STMicroelectronics.X-CUBE-GNSS1.7.1.1
2026-07-15 00:31:03,218 [WARN] PackLoader:240 - Cannot read IP mode file for STMicroelectronics.FP-SNS-MOTENVWB1.1.5.0
2026-07-15 00:31:03,223 [WARN] PackLoader:240 - Cannot read IP mode file for wolfSSL.I-CUBE-wolfSSL.5.9.1
2026-07-15 00:31:03,228 [WARN] PackLoader:240 - Cannot read IP mode file for STMicroelectronics.X-CUBE-NFC10.1.0.0
2026-07-15 00:31:03,233 [WARN] PackLoader:240 - Cannot read IP mode file for STMicroelectronics.X-CUBE-ST60.1.1.0
2026-07-15 00:31:03,238 [WARN] PackLoader:240 - Cannot read IP mode file for emotas.I-CUBE-CANOPEN.1.3.0
2026-07-15 00:31:03,241 [ERROR] Engine:466 - C:\Users\HP\.stm32cubemx\thirdparties\pdsc\STMicroelectronics.X-CUBE-WBA.1.1.0.pdsc: PDSC version is not supported
2026-07-15 00:31:03,246 [WARN] PackLoader:240 - Cannot read IP mode file for STMicroelectronics.FP-SNS-STBOX1.2.1.0
2026-07-15 00:31:03,251 [WARN] PackLoader:240 - Cannot read IP mode file for STMicroelectronics.FP-SNS-SMARTAG2.1.2.0
2026-07-15 00:31:03,254 [WARN] PackLoader:240 - Cannot read IP mode file for STMicroelectronics.FP-SNS-FLIGHT1.5.1.0
2026-07-15 00:31:03,262 [INFO] LogOutputStream:77 - [STDOUT_REDIRECT] 1 : Invalid condition id : UX_CORESTACK_Condition cause : null
2026-07-15 00:31:03,264 [INFO] LogOutputStream:77 - [STDOUT_REDIRECT] 1 : Invalid condition id : UX_CORESTACK_Condition cause : null
2026-07-15 00:31:03,266 [INFO] LogOutputStream:77 - [STDOUT_REDIRECT] 1 : Invalid condition id : UX_CORESTACK_Condition cause : null
2026-07-15 00:31:03,267 [INFO] LogOutputStream:77 - [STDOUT_REDIRECT] 1 : Invalid condition id : UX_CORESTACK_Condition cause : null
2026-07-15 00:31:03,269 [INFO] LogOutputStream:77 - [STDOUT_REDIRECT] 1 : Invalid condition id : UX_CORESTACK_Condition cause : null
2026-07-15 00:31:03,278 [WARN] PackLoader:240 - Cannot read IP mode file for STMicroelectronics.X-CUBE-AZRTOS-WL.2.0.0
2026-07-15 00:31:03,291 [WARN] PackLoader:240 - Cannot read IP mode file for STMicroelectronics.X-CUBE-AZRTOS-H7RS.1.2.0
2026-07-15 00:31:03,298 [WARN] PackLoader:240 - Cannot read IP mode file for STMicroelectronics.X-CUBE-BLE2.3.3.0
2026-07-15 00:31:03,335 [WARN] PackLoader:240 - Cannot read IP mode file for Infineon.AIROC-Wi-Fi-Bluetooth-STM32.1.8.0
2026-07-15 00:31:03,343 [WARN] PackLoader:240 - Cannot read IP mode file for STMicroelectronics.X-CUBE-NFC9.1.0.0
2026-07-15 00:31:03,351 [WARN] PackLoader:240 - Cannot read IP mode file for STMicroelectronics.X-CUBE-BLE1.7.1.0
2026-07-15 00:31:03,355 [WARN] PackLoader:240 - Cannot read IP mode file for wolfSSL.I-CUBE-wolfMQTT.1.19.2
2026-07-15 00:31:03,360 [WARN] PackLoader:240 - Cannot read IP mode file for STMicroelectronics.X-CUBE-EEPRMA1.5.2.0
2026-07-15 00:31:03,368 [WARN] PackLoader:240 - Cannot read IP mode file for STMicroelectronics.FP-SNS-STAIOTCFT.1.1.0
2026-07-15 00:31:03,382 [WARN] PackLoader:240 - Cannot read IP mode file for STMicroelectronics.X-CUBE-AZRTOS-G0.1.1.0
2026-07-15 00:31:03,389 [WARN] PackLoader:240 - Cannot read IP mode file for STMicroelectronics.X-CUBE-NFC4.3.0.0
2026-07-15 00:31:03,395 [WARN] PackLoader:240 - Cannot read IP mode file for EmbeddedOffice.I-CUBE-FS-RTOS.1.0.1
2026-07-15 00:31:03,399 [WARN] PackLoader:240 - Cannot read IP mode file for wolfSSL.I-CUBE-wolfTPM.3.8.0
2026-07-15 00:31:03,404 [WARN] PackLoader:240 - Cannot read IP mode file for STMicroelectronics.X-CUBE-TCPP.4.2.0
2026-07-15 00:31:03,409 [WARN] PackLoader:240 - Cannot read IP mode file for RealThread.X-CUBE-RT-Thread_Nano.4.1.1
2026-07-15 00:31:03,416 [WARN] PackLoader:240 - Cannot read IP mode file for STMicroelectronics.FP-ATR-SIGFOX1.3.2.0
2026-07-15 00:31:03,422 [WARN] PackLoader:240 - Cannot read IP mode file for STMicroelectronics.X-CUBE-FREERTOS.1.5.0
2026-07-15 00:31:03,426 [WARN] PackLoader:240 - Cannot read IP mode file for ITTIA_DB.I-CUBE-ITTIADB.8.9.0
2026-07-15 00:31:03,430 [WARN] PackLoader:240 - Cannot read IP mode file for Cesanta.I-CUBE-Mongoose.7.21.7
2026-07-15 00:31:03,435 [WARN] PackLoader:240 - Cannot read IP mode file for STMicroelectronics.X-CUBE-NFC6.3.2.0
2026-07-15 00:31:03,440 [WARN] PackLoader:240 - Cannot read IP mode file for STMicroelectronics.X-CUBE-AI.10.2.1
2026-07-15 00:31:03,443 [WARN] PackLoader:240 - Cannot read IP mode file for STMicroelectronics.X-CUBE-AI.10.2.0
2026-07-15 00:31:03,465 [WARN] PackLoader:240 - Cannot read IP mode file for STMicroelectronics.X-CUBE-MEMS1.12.1.0
2026-07-15 00:31:03,538 [WARN] PackLoader:240 - Cannot read IP mode file for SEGGER.I-CUBE-embOS.1.3.1
2026-07-15 00:31:03,559 [WARN] PackLoader:240 - Cannot read IP mode file for STMicroelectronics.X-CUBE-NFC13.1.0.0
2026-07-15 00:31:03,564 [WARN] PackLoader:240 - Cannot read IP mode file for STMicroelectronics.X-CUBE-PM33A1.1.0.0
2026-07-15 00:31:03,574 [WARN] PackLoader:240 - Cannot read IP mode file for STMicroelectronics.X-CUBE-AZRTOS-F4.1.1.0
2026-07-15 00:31:03,578 [WARN] PackLoader:240 - Cannot read IP mode file for STMicroelectronics.X-CUBE-ISPU.2.1.0
2026-07-15 00:31:03,586 [WARN] PackLoader:240 - Cannot read IP mode file for STMicroelectronics.X-CUBE-IPS.3.2.0
2026-07-15 00:31:03,593 [WARN] PackLoader:240 - Cannot read IP mode file for STMicroelectronics.eDS-WB_DPC_TT-BIDIR.2.1.1
2026-07-15 00:31:03,598 [WARN] PackLoader:240 - Cannot read IP mode file for STMicroelectronics.X-CUBE-NFC12.1.0.0
2026-07-15 00:31:03,617 [WARN] PackLoader:240 - Cannot read IP mode file for STMicroelectronics.X-CUBE-AZRTOS-L5.2.0.0
2026-07-15 00:31:03,631 [WARN] PackLoader:240 - Cannot read IP mode file for STMicroelectronics.X-CUBE-ALGOBUILD.1.5.0
2026-07-15 00:31:03,635 [WARN] PackLoader:240 - Cannot read IP mode file for STMicroelectronics.eDS-WB_DPC_VIENNA.1.2.0
2026-07-15 00:31:03,640 [WARN] PackLoader:240 - Cannot read IP mode file for STMicroelectronics.eDS-WB_DPC_3PH2L-BIDIR.1.1.1
2026-07-15 00:31:03,645 [ERROR] Engine:466 - C:\Users\HP\.stm32cubemx\thirdparties\pdsc\STMicroelectronics.X-CUBE-ST67W61.1.3.0.pdsc: PDSC version is not supported
2026-07-15 00:31:03,685 [WARN] PackLoader:240 - Cannot read IP mode file for STMicroelectronics.X-CUBE-TOUCHGFX.4.26.1
2026-07-15 00:31:03,698 [WARN] PackLoader:240 - Cannot read IP mode file for STMicroelectronics.X-CUBE-DPower.1.3.0
2026-07-15 00:31:03,712 [WARN] ConditionMgr:438 - getConditionDescription Invalid condition id : LAN8742 Phy interface Condition cause : null
2026-07-15 00:31:03,713 [WARN] PackLoader:240 - Cannot read IP mode file for STMicroelectronics.X-CUBE-AZRTOS-L4.2.0.0
2026-07-15 00:31:03,714 [WARN] ConditionMgr:1044 - genDependencies : Invalid condition id : LAN8742 Phy interface Condition cause : null
2026-07-15 00:31:03,714 [WARN] ConditionMgr:1044 - genDependencies : Invalid condition id : LAN8742 Phy interface Condition cause : null
2026-07-15 00:31:03,714 [WARN] ConditionMgr:1044 - genDependencies : Invalid condition id : LAN8742 Phy interface Condition cause : null
2026-07-15 00:31:03,720 [WARN] PackLoader:240 - Cannot read IP mode file for STMicroelectronics.X-CUBE-SFXS2LP1.4.0.0
2026-07-15 00:31:03,725 [WARN] PackLoader:240 - Cannot read IP mode file for STMicroelectronics.X-CUBE-WB05N.2.1.0
2026-07-15 00:31:03,732 [WARN] PackLoader:240 - Cannot read IP mode file for STMicroelectronics.X-CUBE-BLEMGR.4.1.0
2026-07-15 00:31:03,741 [WARN] ConditionMgr:438 - getConditionDescription Invalid condition id : UX DEVICE CLASS RTOS Condition cause : null
2026-07-15 00:31:03,742 [WARN] ConditionMgr:438 - getConditionDescription Invalid condition id : UX DEVICE CLASS RTOS Condition cause : null
2026-07-15 00:31:03,743 [WARN] PackLoader:240 - Cannot read IP mode file for STMicroelectronics.X-CUBE-AZRTOS-WB.2.0.0
2026-07-15 00:31:03,743 [WARN] ConditionMgr:1044 - genDependencies : Invalid condition id : UX DEVICE CLASS RTOS Condition cause : null
2026-07-15 00:31:03,743 [WARN] ConditionMgr:1044 - genDependencies : Invalid condition id : UX DEVICE CLASS RTOS Condition cause : null
2026-07-15 00:31:03,743 [WARN] ConditionMgr:1044 - genDependencies : Invalid condition id : UX DEVICE CLASS RTOS Condition cause : null
2026-07-15 00:31:03,743 [WARN] ConditionMgr:1044 - genDependencies : Invalid condition id : UX DEVICE CLASS RTOS Condition cause : null
2026-07-15 00:31:03,743 [WARN] ConditionMgr:1044 - genDependencies : Invalid condition id : UX DEVICE CLASS RTOS Condition cause : null
2026-07-15 00:31:03,748 [WARN] ConditionMgr:438 - getConditionDescription Invalid condition id : Cortex-A Device cause : null
2026-07-15 00:31:03,755 [WARN] ConditionMgr:1044 - genDependencies : Invalid condition id : Cortex-A Device cause : null
2026-07-15 00:31:03,755 [WARN] ConditionMgr:1044 - genDependencies : Invalid condition id : Cortex-A Device cause : null
2026-07-15 00:31:03,755 [WARN] ConditionMgr:1044 - genDependencies : Invalid condition id : Cortex-A Device cause : null
2026-07-15 00:31:03,759 [WARN] PackLoader:240 - Cannot read IP mode file for STMicroelectronics.X-CUBE-STSE01.2.0.0
2026-07-15 00:31:03,766 [WARN] PackLoader:240 - Cannot read IP mode file for STMicroelectronics.X-CUBE-SUBG2.5.0.0
2026-07-15 00:31:03,776 [WARN] PackLoader:240 - Cannot read IP mode file for STMicroelectronics.X-CUBE-AZRTOS-G4.2.0.0
2026-07-15 00:31:03,781 [WARN] PackLoader:240 - Cannot read IP mode file for wolfSSL.I-CUBE-wolfSSH.1.4.20
2026-07-15 00:31:03,784 [WARN] PackLoader:240 - Cannot read IP mode file for STMicroelectronics.X-CUBE-NFC7.2.0.0
2026-07-15 00:31:03,789 [ERROR] Engine:466 - C:\Users\HP\.stm32cubemx\thirdparties\pdsc\STMicroelectronics.X-CUBE-BLEMGR.4.2.0.pdsc: PDSC version is not supported
2026-07-15 00:31:03,792 [WARN] PackLoader:240 - Cannot read IP mode file for STMicroelectronics.X-CUBE-ALS.1.0.2
2026-07-15 00:31:03,798 [WARN] PackLoader:240 - Cannot read IP mode file for STMicroelectronics.X-CUBE-TOF1.3.4.3
2026-07-15 00:31:03,806 [INFO] ThirdParty:978 - Integrity check success = true
2026-07-15 00:31:03,806 [INFO] IntegrityCheckThread:100 - exiting critical section [integrity check]
2026-07-15 00:31:03,806 [INFO] IntegrityCheckThread:103 - End integrity checks thread
2026-07-15 00:31:03,874 [INFO] WebApp:169 - Instantiating new browser for Auth
2026-07-15 00:31:04,667 [INFO] WebApp:463 - Apply proxy settings
2026-07-15 00:31:04,671 [INFO] WebApp:508 - Chromium authenticates against Manually configured proxy
2026-07-15 00:31:04,678 [INFO] WebApp:516 - Username used for proxy authentication: 
2026-07-15 00:31:04,706 [INFO] WebApp:900 - Register for checkConnection events
2026-07-15 00:31:04,706 [INFO] WebApp:463 - Apply proxy settings
2026-07-15 00:31:04,708 [INFO] WebApp:508 - Chromium authenticates against Manually configured proxy
2026-07-15 00:31:04,709 [INFO] WebApp:516 - Username used for proxy authentication: 
2026-07-15 00:31:04,881 [INFO] WebApp:225 - Starting web application
2026-07-15 00:31:04,881 [INFO] WebApp:593 - Web application path used C:\ST\STM32CubeIDE_1.19.0\STM32CubeIDE\plugins\com.st.stm32cube.common.mx_6.15.0.202507011659\db\plugins\mcufinder\reactClient1\index.html
2026-07-15 00:31:05,399 [INFO] WebApp:191 - Connection restablished
2026-07-15 00:46:51,019 [ERROR] LogOutputStream:75 - [STDERR_REDIRECT] 
