2026-06-23 04:12:15,195 [INFO] Activator:176 - 


2026-06-23 04:12:15,208 [INFO] Activator:177 - !SESSION log4j initialized
2026-06-23 04:12:17,586 [INFO] LogOutputStream:77 - [STDOUT_REDIRECT] 
2026-06-23 04:12:21,582 [INFO] ApplicationProperties:184 - Using Application install path: C:\ST\STM32CubeIDE_1.19.0\STM32CubeIDE\plugins\com.st.stm32cube.common.mx_6.15.0.202507011659
2026-06-23 04:12:21,641 [INFO] DbMcusXml:78 - Set database path to: C:\ST\STM32CubeIDE_1.19.0\STM32CubeIDE\plugins\com.st.stm32cube.common.mx_6.15.0.202507011659\\db\/mcu/
2026-06-23 04:12:21,641 [INFO] ApiDb:274 - Set plugin database path to: C:\ST\STM32CubeIDE_1.19.0\STM32CubeIDE\plugins\com.st.stm32cube.common.mx_6.15.0.202507011659\\db\/plugins/boardmanager/
2026-06-23 04:12:21,642 [WARN] ApiDb:259 - Overriding images path with different value:  => C:\ST\STM32CubeIDE_1.19.0\STM32CubeIDE\plugins\com.st.stm32cube.common.mx_6.15.0.202507011659\\db\/plugins/mcufinder/images/
2026-06-23 04:12:21,659 [INFO] ApiDb:250 - Set database path to: C:\Users\HP\.stmcufinder\plugins\mcufinder//mcu/
2026-06-23 04:12:21,663 [INFO] DbMcusAds:125 - Set database path to: C:\Users\HP\.stmcufinder\plugins\mcufinder//mcu/
2026-06-23 04:12:21,672 [INFO] CrossReferenceDbSqlite:203 - Set database path to: C:\Users\HP\.stmcufinder\plugins\mcufinder//mcu/cs/
2026-06-23 04:12:21,953 [INFO] RulesReader:64 - Compatibility file has been processed (317 Rules)
2026-06-23 04:12:22,023 [INFO] DbMcusXml:78 - Set database path to: C:\ST\STM32CubeIDE_1.19.0\STM32CubeIDE\plugins\com.st.stm32cube.common.mx_6.15.0.202507011659\\db\/mcu/
2026-06-23 04:12:22,023 [INFO] ApiDb:274 - Set plugin database path to: C:\ST\STM32CubeIDE_1.19.0\STM32CubeIDE\plugins\com.st.stm32cube.common.mx_6.15.0.202507011659\\db\/plugins/boardmanager/
2026-06-23 04:12:22,023 [INFO] ApiDb:261 - Set plugin images path to: C:\ST\STM32CubeIDE_1.19.0\STM32CubeIDE\plugins\com.st.stm32cube.common.mx_6.15.0.202507011659\\db\/plugins/mcufinder/images/
2026-06-23 04:12:22,024 [WARN] DbFile:41 - Overriding database path with different value: C:\Users\HP\.stmcufinder\plugins\mcufinder/ => C:\Users\HP\.stmcufinder\plugins\mcufinder
2026-06-23 04:12:22,024 [INFO] ApiDb:250 - Set database path to: C:\Users\HP\.stmcufinder\plugins\mcufinder//mcu/
2026-06-23 04:12:22,024 [WARN] DbFile:41 - Overriding database path with different value: C:\Users\HP\.stmcufinder\plugins\mcufinder/ => C:\Users\HP\.stmcufinder\plugins\mcufinder
2026-06-23 04:12:22,024 [INFO] DbMcusAds:125 - Set database path to: C:\Users\HP\.stmcufinder\plugins\mcufinder//mcu/
2026-06-23 04:12:22,024 [WARN] DbFile:41 - Overriding database path with different value: C:\Users\HP\.stmcufinder\plugins\mcufinder/ => C:\Users\HP\.stmcufinder\plugins\mcufinder
2026-06-23 04:12:22,024 [WARN] DbFile:41 - Overriding database path with different value: C:\Users\HP\.stmcufinder\plugins\mcufinder/ => C:\Users\HP\.stmcufinder\plugins\mcufinder
2026-06-23 04:12:22,024 [INFO] CrossReferenceDbSqlite:203 - Set database path to: C:\Users\HP\.stmcufinder\plugins\mcufinder//mcu/cs/
2026-06-23 04:12:22,078 [INFO] MainPanel:274 - HeapMemory: 268435456
2026-06-23 04:12:22,144 [INFO] DbMcusXml:78 - Set database path to: C:\ST\STM32CubeIDE_1.19.0\STM32CubeIDE\plugins\com.st.stm32cube.common.mx_6.15.0.202507011659\\db\/mcu/
2026-06-23 04:12:22,144 [INFO] ApiDb:274 - Set plugin database path to: C:\ST\STM32CubeIDE_1.19.0\STM32CubeIDE\plugins\com.st.stm32cube.common.mx_6.15.0.202507011659\\db\/plugins/boardmanager/
2026-06-23 04:12:22,144 [INFO] ApiDb:261 - Set plugin images path to: C:\ST\STM32CubeIDE_1.19.0\STM32CubeIDE\plugins\com.st.stm32cube.common.mx_6.15.0.202507011659\\db\/plugins/mcufinder/images/
2026-06-23 04:12:22,144 [WARN] DbFile:41 - Overriding database path with different value: C:\Users\HP\.stmcufinder\plugins\mcufinder/ => C:\Users\HP\.stmcufinder\plugins\mcufinder
2026-06-23 04:12:22,144 [INFO] ApiDb:250 - Set database path to: C:\Users\HP\.stmcufinder\plugins\mcufinder//mcu/
2026-06-23 04:12:22,144 [WARN] DbFile:41 - Overriding database path with different value: C:\Users\HP\.stmcufinder\plugins\mcufinder/ => C:\Users\HP\.stmcufinder\plugins\mcufinder
2026-06-23 04:12:22,144 [INFO] DbMcusAds:125 - Set database path to: C:\Users\HP\.stmcufinder\plugins\mcufinder//mcu/
2026-06-23 04:12:22,144 [WARN] DbFile:41 - Overriding database path with different value: C:\Users\HP\.stmcufinder\plugins\mcufinder/ => C:\Users\HP\.stmcufinder\plugins\mcufinder
2026-06-23 04:12:22,144 [WARN] DbFile:41 - Overriding database path with different value: C:\Users\HP\.stmcufinder\plugins\mcufinder/ => C:\Users\HP\.stmcufinder\plugins\mcufinder
2026-06-23 04:12:22,144 [INFO] CrossReferenceDbSqlite:203 - Set database path to: C:\Users\HP\.stmcufinder\plugins\mcufinder//mcu/cs/
2026-06-23 04:12:22,157 [INFO] ApplicationProperties:184 - Using Application install path: C:\ST\STM32CubeIDE_1.19.0\STM32CubeIDE\plugins\com.st.stm32cube.common.mx_6.15.0.202507011659
2026-06-23 04:12:22,158 [INFO] PluginManage:196 - Search for loadable plugins [exclusion list=, ]
2026-06-23 04:12:22,159 [INFO] PluginManage:310 - Check plugin analytics
2026-06-23 04:12:22,358 [INFO] AnalyticsPlugin:253 - Accepted Software Licenses: 
2026-06-23 04:12:22,358 [INFO] AnalyticsPlugin:255 - Accepted CMSIS Pack Licenses: 
2026-06-23 04:12:22,358 [INFO] AnalyticsPlugin:257 - Accepted Firmware Licenses: FW.F4.1.28.0
2026-06-23 04:12:22,364 [INFO] PluginManage:359 - Loaded plugin analytics (category:tool,tabindex:-1)
2026-06-23 04:12:22,364 [INFO] PluginManage:310 - Check plugin cadmodel
2026-06-23 04:12:22,370 [INFO] CADModel:105 - Init CAD model plugin
2026-06-23 04:12:22,370 [INFO] PluginManage:359 - Loaded plugin cadmodel (category:power,tabindex:5)
2026-06-23 04:12:22,371 [INFO] PluginManage:310 - Check plugin clock
2026-06-23 04:12:22,386 [INFO] PluginManage:359 - Loaded plugin clock (category:base,tabindex:2)
2026-06-23 04:12:22,386 [INFO] PluginManage:310 - Check plugin ddr
2026-06-23 04:12:22,391 [INFO] PluginManage:359 - Loaded plugin ddr (category:tool,tabindex:6)
2026-06-23 04:12:22,392 [INFO] PluginManage:310 - Check plugin filemanager
2026-06-23 04:12:22,559 [INFO] PluginManage:359 - Loaded plugin filemanager (category:base,tabindex:10)
2026-06-23 04:12:22,559 [INFO] PluginManage:310 - Check plugin ipmanager
2026-06-23 04:12:22,565 [INFO] PluginManage:359 - Loaded plugin ipmanager (category:base,tabindex:5)
2026-06-23 04:12:22,565 [INFO] PluginManage:310 - Check plugin lpbam
2026-06-23 04:12:22,572 [INFO] PluginManage:359 - Loaded plugin lpbam (category:base,tabindex:0)
2026-06-23 04:12:22,572 [INFO] PluginManage:310 - Check plugin memorymap
2026-06-23 04:12:22,581 [INFO] PluginManage:359 - Loaded plugin memorymap (category:base,tabindex:4)
2026-06-23 04:12:22,581 [INFO] PluginManage:310 - Check plugin pinoutandconfiguration
2026-06-23 04:12:22,588 [INFO] PluginManage:359 - Loaded plugin pinoutandconfiguration (category:base,tabindex:1)
2026-06-23 04:12:22,588 [INFO] PluginManage:310 - Check plugin pinoutconfig
2026-06-23 04:12:22,714 [WARN] SupportedApi:132 - Cannot load RTOS API schema: s4s-elt-must-match.1: The content of 'definitions' must match (annotation?, (simpleType | complexType)?, (unique | key | keyref)*)). A problem was found starting at: attribute.
2026-06-23 04:12:22,825 [INFO] PluginManage:359 - Loaded plugin pinoutconfig (category:base,tabindex:0)
2026-06-23 04:12:22,825 [INFO] PluginManage:310 - Check plugin power
2026-06-23 04:12:22,831 [INFO] PluginManage:359 - Loaded plugin power (category:power,tabindex:4)
2026-06-23 04:12:22,831 [INFO] PluginManage:310 - Check plugin projectmanager
2026-06-23 04:12:22,846 [INFO] PluginManage:359 - Loaded plugin projectmanager (category:projectmanager,tabindex:4)
2026-06-23 04:12:22,846 [INFO] PluginManage:310 - Check plugin rif
2026-06-23 04:12:22,855 [INFO] PluginManage:359 - Loaded plugin rif (category:base,tabindex:3)
2026-06-23 04:12:22,855 [INFO] PluginManage:310 - Check plugin thirdparty
2026-06-23 04:12:22,966 [WARN] IntegrityCheckThread:84 - waiting for thirdparty lock release [integrity check]
2026-06-23 04:12:22,966 [INFO] IntegrityCheckThread:86 - entering critical section [integrity check]
2026-06-23 04:12:22,966 [INFO] ThirdPartyUpdaterWithRetryManager:70 - Updater plugin not ready yet. [1/15]
2026-06-23 04:12:22,967 [INFO] PluginManage:359 - Loaded plugin thirdparty (category:base,tabindex:-1)
2026-06-23 04:12:22,967 [INFO] PluginManage:310 - Check plugin tools
2026-06-23 04:12:22,971 [INFO] PluginManage:359 - Loaded plugin tools (category:base,tabindex:7)
2026-06-23 04:12:22,971 [INFO] PluginManage:310 - Check plugin tutovideos
2026-06-23 04:12:23,102 [INFO] PluginManage:359 - Loaded plugin tutovideos (category:base,tabindex:-1)
2026-06-23 04:12:23,103 [INFO] PluginManage:310 - Check plugin updater
2026-06-23 04:12:23,121 [INFO] PluginManage:359 - Loaded plugin updater (category:base,tabindex:12)
2026-06-23 04:12:23,121 [INFO] PluginManage:310 - Check plugin userauth
2026-06-23 04:12:23,123 [INFO] UserAuth:118 - Init User Auth plugin
2026-06-23 04:12:23,124 [INFO] PluginManage:359 - Loaded plugin userauth (category:base,tabindex:14)
2026-06-23 04:12:23,124 [INFO] PluginManage:283 - PluginManage : Loaded plugins [18]
2026-06-23 04:12:23,273 [INFO] PinOutPanel:1589 - setPackage(No Configuration,No Configuration)
2026-06-23 04:12:23,345 [INFO] CADModel:165 - CPN selected for project level
2026-06-23 04:12:23,346 [INFO] CADModel:114 - Register for checkConnection events
2026-06-23 04:12:23,358 [INFO] IPUIPlugin:80 - create IPUIPlugin
2026-06-23 04:12:23,358 [INFO] PluginManager:220 - loadIPPluginJar : add adc
2026-06-23 04:12:23,360 [INFO] IPUIPlugin:80 - create IPUIPlugin
2026-06-23 04:12:23,361 [INFO] PluginManager:220 - loadIPPluginJar : add aes
2026-06-23 04:12:23,362 [INFO] IPUIPlugin:80 - create IPUIPlugin
2026-06-23 04:12:23,363 [INFO] PluginManager:220 - loadIPPluginJar : add can
2026-06-23 04:12:23,364 [INFO] IPUIPlugin:80 - create IPUIPlugin
2026-06-23 04:12:23,364 [INFO] PluginManager:220 - loadIPPluginJar : add comp
2026-06-23 04:12:23,366 [INFO] IPUIPlugin:80 - create IPUIPlugin
2026-06-23 04:12:23,366 [INFO] PluginManager:220 - loadIPPluginJar : add cryp
2026-06-23 04:12:23,368 [INFO] IPUIPlugin:80 - create IPUIPlugin
2026-06-23 04:12:23,368 [INFO] PluginManager:220 - loadIPPluginJar : add ddr_ctrl_phy
2026-06-23 04:12:23,369 [INFO] IPUIPlugin:80 - create IPUIPlugin
2026-06-23 04:12:23,369 [INFO] PluginManager:220 - loadIPPluginJar : add dfsdm
2026-06-23 04:12:23,373 [INFO] IPUIPlugin:80 - create IPUIPlugin
2026-06-23 04:12:23,374 [INFO] PluginManager:220 - loadIPPluginJar : add dma
2026-06-23 04:12:23,376 [INFO] IPUIPlugin:80 - create IPUIPlugin
2026-06-23 04:12:23,376 [INFO] PluginManager:220 - loadIPPluginJar : add dma3
2026-06-23 04:12:23,378 [INFO] IPUIPlugin:80 - create IPUIPlugin
2026-06-23 04:12:23,378 [INFO] PluginManager:220 - loadIPPluginJar : add extmemmanager
2026-06-23 04:12:23,380 [INFO] IPUIPlugin:80 - create IPUIPlugin
2026-06-23 04:12:23,380 [INFO] PluginManager:220 - loadIPPluginJar : add fatfs
2026-06-23 04:12:23,383 [INFO] IPUIPlugin:80 - create IPUIPlugin
2026-06-23 04:12:23,384 [INFO] PluginManager:220 - loadIPPluginJar : add fmc
2026-06-23 04:12:23,389 [INFO] IPUIPlugin:80 - create IPUIPlugin
2026-06-23 04:12:23,389 [INFO] PluginManager:220 - loadIPPluginJar : add freertos
2026-06-23 04:12:23,390 [INFO] IPUIPlugin:80 - create IPUIPlugin
2026-06-23 04:12:23,390 [INFO] PluginManager:220 - loadIPPluginJar : add genericplugin
2026-06-23 04:12:23,391 [INFO] IPUIPlugin:80 - create IPUIPlugin
2026-06-23 04:12:23,391 [INFO] PluginManager:220 - loadIPPluginJar : add gfxmmu
2026-06-23 04:12:23,394 [INFO] IPUIPlugin:80 - create IPUIPlugin
2026-06-23 04:12:23,395 [INFO] PluginManager:220 - loadIPPluginJar : add gic
2026-06-23 04:12:23,397 [INFO] IPUIPlugin:80 - create IPUIPlugin
2026-06-23 04:12:23,398 [INFO] PluginManager:220 - loadIPPluginJar : add gpio
2026-06-23 04:12:23,400 [INFO] IPUIPlugin:80 - create IPUIPlugin
2026-06-23 04:12:23,400 [INFO] PluginManager:220 - loadIPPluginJar : add gtzc
2026-06-23 04:12:23,401 [INFO] IPUIPlugin:80 - create IPUIPlugin
2026-06-23 04:12:23,401 [INFO] PluginManager:220 - loadIPPluginJar : add hash
2026-06-23 04:12:23,403 [INFO] IPUIPlugin:80 - create IPUIPlugin
2026-06-23 04:12:23,403 [INFO] PluginManager:220 - loadIPPluginJar : add i2c
2026-06-23 04:12:23,405 [INFO] IPUIPlugin:80 - create IPUIPlugin
2026-06-23 04:12:23,405 [INFO] PluginManager:220 - loadIPPluginJar : add i2s
2026-06-23 04:12:23,407 [INFO] IPUIPlugin:80 - create IPUIPlugin
2026-06-23 04:12:23,407 [INFO] PluginManager:220 - loadIPPluginJar : add i3c
2026-06-23 04:12:23,409 [INFO] IPUIPlugin:80 - create IPUIPlugin
2026-06-23 04:12:23,410 [INFO] PluginManager:220 - loadIPPluginJar : add ipddr
2026-06-23 04:12:23,414 [INFO] IPUIPlugin:80 - create IPUIPlugin
2026-06-23 04:12:23,415 [INFO] PluginManager:220 - loadIPPluginJar : add linkedlist
2026-06-23 04:12:23,417 [INFO] IPUIPlugin:80 - create IPUIPlugin
2026-06-23 04:12:23,417 [INFO] PluginManager:220 - loadIPPluginJar : add lorawan
2026-06-23 04:12:23,418 [INFO] IPUIPlugin:80 - create IPUIPlugin
2026-06-23 04:12:23,418 [INFO] PluginManager:220 - loadIPPluginJar : add ltdc
2026-06-23 04:12:23,422 [INFO] IPUIPlugin:80 - create IPUIPlugin
2026-06-23 04:12:23,422 [INFO] PluginManager:220 - loadIPPluginJar : add mdma
2026-06-23 04:12:23,424 [INFO] IPUIPlugin:80 - create IPUIPlugin
2026-06-23 04:12:23,424 [INFO] PluginManager:220 - loadIPPluginJar : add nvic
2026-06-23 04:12:23,426 [INFO] IPUIPlugin:80 - create IPUIPlugin
2026-06-23 04:12:23,426 [INFO] PluginManager:220 - loadIPPluginJar : add opamp
2026-06-23 04:12:23,428 [INFO] IPUIPlugin:80 - create IPUIPlugin
2026-06-23 04:12:23,428 [INFO] PluginManager:220 - loadIPPluginJar : add openamp
2026-06-23 04:12:23,431 [INFO] IPUIPlugin:80 - create IPUIPlugin
2026-06-23 04:12:23,431 [INFO] PluginManager:220 - loadIPPluginJar : add pdm2pcm
2026-06-23 04:12:23,434 [INFO] IPUIPlugin:80 - create IPUIPlugin
2026-06-23 04:12:23,436 [INFO] PluginManager:220 - loadIPPluginJar : add plateformsettings
2026-06-23 04:12:23,437 [INFO] IPUIPlugin:80 - create IPUIPlugin
2026-06-23 04:12:23,437 [INFO] PluginManager:220 - loadIPPluginJar : add quadspi
2026-06-23 04:12:23,438 [INFO] IPUIPlugin:80 - create IPUIPlugin
2026-06-23 04:12:23,439 [INFO] PluginManager:220 - loadIPPluginJar : add radio
2026-06-23 04:12:23,441 [INFO] IPUIPlugin:80 - create IPUIPlugin
2026-06-23 04:12:23,441 [INFO] PluginManager:220 - loadIPPluginJar : add resmgrutility
2026-06-23 04:12:23,443 [INFO] IPUIPlugin:80 - create IPUIPlugin
2026-06-23 04:12:23,443 [INFO] PluginManager:220 - loadIPPluginJar : add sai
2026-06-23 04:12:23,445 [INFO] IPUIPlugin:80 - create IPUIPlugin
2026-06-23 04:12:23,445 [INFO] PluginManager:220 - loadIPPluginJar : add spi
2026-06-23 04:12:23,449 [INFO] IPUIPlugin:80 - create IPUIPlugin
2026-06-23 04:12:23,449 [INFO] PluginManager:220 - loadIPPluginJar : add stm32_wpan
2026-06-23 04:12:23,450 [INFO] IPUIPlugin:80 - create IPUIPlugin
2026-06-23 04:12:23,450 [INFO] PluginManager:220 - loadIPPluginJar : add tim
2026-06-23 04:12:23,452 [INFO] IPUIPlugin:80 - create IPUIPlugin
2026-06-23 04:12:23,453 [INFO] PluginManager:220 - loadIPPluginJar : add touchsensing
2026-06-23 04:12:23,454 [INFO] IPUIPlugin:80 - create IPUIPlugin
2026-06-23 04:12:23,455 [INFO] PluginManager:220 - loadIPPluginJar : add tracer_emb
2026-06-23 04:12:23,456 [INFO] IPUIPlugin:80 - create IPUIPlugin
2026-06-23 04:12:23,456 [INFO] PluginManager:220 - loadIPPluginJar : add ts
2026-06-23 04:12:23,457 [INFO] IPUIPlugin:80 - create IPUIPlugin
2026-06-23 04:12:23,457 [INFO] PluginManager:220 - loadIPPluginJar : add tsc
2026-06-23 04:12:23,460 [INFO] IPUIPlugin:80 - create IPUIPlugin
2026-06-23 04:12:23,460 [INFO] PluginManager:220 - loadIPPluginJar : add ucpd
2026-06-23 04:12:23,462 [INFO] IPUIPlugin:80 - create IPUIPlugin
2026-06-23 04:12:23,462 [INFO] PluginManager:220 - loadIPPluginJar : add usart
2026-06-23 04:12:23,464 [INFO] IPUIPlugin:80 - create IPUIPlugin
2026-06-23 04:12:23,464 [INFO] PluginManager:220 - loadIPPluginJar : add usbx
2026-06-23 04:12:23,574 [FATAL] Updater:351 - Updater called before beeing initialized
2026-06-23 04:12:23,596 [INFO] RulesReader:64 - Compatibility file has been processed (317 Rules)
2026-06-23 04:12:23,607 [INFO] RulesReader:64 - Compatibility file has been processed (317 Rules)
2026-06-23 04:12:23,619 [INFO] CADModel:165 - CPN selected for project level
2026-06-23 04:12:23,619 [INFO] CADModel:114 - Register for checkConnection events
2026-06-23 04:12:23,619 [FATAL] Updater:351 - Updater called before beeing initialized
2026-06-23 04:12:23,619 [ERROR] CADModel:125 - Updater not yet initialized, retry later 
2026-06-23 04:12:23,725 [FATAL] Updater:351 - Updater called before beeing initialized
2026-06-23 04:12:23,726 [INFO] CADModel:165 - CPN selected for project level
2026-06-23 04:12:23,726 [INFO] CADModel:114 - Register for checkConnection events
2026-06-23 04:12:23,726 [FATAL] Updater:351 - Updater called before beeing initialized
2026-06-23 04:12:23,726 [ERROR] CADModel:125 - Updater not yet initialized, retry later 
2026-06-23 04:12:23,728 [FATAL] Updater:351 - Updater called before beeing initialized
2026-06-23 04:12:23,822 [FATAL] Updater:351 - Updater called before beeing initialized
2026-06-23 04:12:23,833 [INFO] DbMcusAds:53 - JSON generation date=Thu May 28 21:38:17 IST 2026 (1779984497073)
2026-06-23 04:12:23,833 [FATAL] Updater:351 - Updater called before beeing initialized
2026-06-23 04:12:23,871 [WARN] DetailPanel:346 - Failed to get advertising image, set to default
2026-06-23 04:12:23,939 [FATAL] Updater:351 - Updater called before beeing initialized
2026-06-23 04:12:23,941 [FATAL] Updater:351 - Updater called before beeing initialized
2026-06-23 04:12:23,941 [FATAL] Updater:351 - Updater called before beeing initialized
2026-06-23 04:12:23,941 [WARN] DetailPanel:346 - Failed to get advertising image, set to default
2026-06-23 04:12:23,942 [FATAL] Updater:351 - Updater called before beeing initialized
2026-06-23 04:12:23,971 [ERROR] Updater:1198 - MainUpdater not yet initialized. External WinMGr cannot be set.
2026-06-23 04:12:23,972 [INFO] Updater:1134 - Updater Version found : 6.15.0
2026-06-23 04:12:23,982 [INFO] ApplicationProperties:184 - Using Application install path: C:\ST\STM32CubeIDE_1.19.0\STM32CubeIDE\plugins\com.st.stm32cube.common.mx_6.15.0.202507011659
2026-06-23 04:12:24,470 [INFO] MainUpdater:2872 - connection check result : 10
2026-06-23 04:12:24,470 [INFO] MainUpdater:289 - Updater Check For Update Now.
2026-06-23 04:12:24,470 [INFO] MicroXplorer:498 - Change Database Version : DB.6.0.150
2026-06-23 04:12:24,475 [INFO] McuFinderGlobals:63 - Set McuFinder mode to 2 (CubeIDE integrated)
2026-06-23 04:12:24,476 [INFO] UserAuth:171 - activating auth plugin
2026-06-23 04:12:24,479 [INFO] UserAuth:487 - Internet connection configuration mode: 1
2026-06-23 04:12:24,520 [INFO] JxBrowserEngine:152 - Initiate JxBrowser Engine with user profile folder
2026-06-23 04:12:24,647 [INFO] CheckServerUpdateThread:120 - End of CheckServer Thread
2026-06-23 04:12:25,029 [INFO] WebApp:169 - Instantiating new browser for Auth
2026-06-23 04:12:25,511 [INFO] WebApp:463 - Apply proxy settings
2026-06-23 04:12:25,515 [INFO] WebApp:508 - Chromium authenticates against Manually configured proxy
2026-06-23 04:12:25,519 [INFO] WebApp:516 - Username used for proxy authentication: 
2026-06-23 04:12:25,538 [INFO] WebApp:900 - Register for checkConnection events
2026-06-23 04:12:25,538 [INFO] WebApp:463 - Apply proxy settings
2026-06-23 04:12:25,539 [INFO] WebApp:508 - Chromium authenticates against Manually configured proxy
2026-06-23 04:12:25,540 [INFO] WebApp:516 - Username used for proxy authentication: 
2026-06-23 04:12:25,642 [INFO] WebApp:225 - Starting web application
2026-06-23 04:12:25,642 [INFO] WebApp:593 - Web application path used C:\ST\STM32CubeIDE_1.19.0\STM32CubeIDE\plugins\com.st.stm32cube.common.mx_6.15.0.202507011659\db\plugins\mcufinder\reactClient1\index.html
2026-06-23 04:12:25,995 [INFO] WebApp:191 - Connection restablished
2026-06-23 04:12:26,311 [WARN] PackLoader:240 - Cannot read IP mode file for STMicroelectronics.X-CUBE-AZRTOS-H7.3.5.0
2026-06-23 04:12:26,325 [WARN] PackLoader:240 - Cannot read IP mode file for STMicroelectronics.FP-ATR-ASTRA1.2.0.2
2026-06-23 04:12:26,346 [ERROR] Engine:466 - C:\Users\HP\.stm32cubemx\thirdparties\pdsc\STMicroelectronics.X-CUBE-SMBUS.2.1.1.pdsc: PDSC version is not supported
2026-06-23 04:12:26,352 [WARN] PackLoader:240 - Cannot read IP mode file for STMicroelectronics.X-CUBE-SMBUS.2.1.0
2026-06-23 04:12:26,367 [WARN] PackLoader:240 - Cannot read IP mode file for STMicroelectronics.X-CUBE-AZRTOS-F7.1.1.0
2026-06-23 04:12:26,375 [WARN] PackLoader:240 - Cannot read IP mode file for STMicroelectronics.FP-SNS-MOTENV1.5.1.0
2026-06-23 04:12:26,397 [WARN] PackLoader:240 - Cannot read IP mode file for WES.I-CUBE-Cesium.1.4.0
2026-06-23 04:12:26,406 [WARN] PackLoader:240 - Cannot read IP mode file for STMicroelectronics.X-CUBE-DISPLAY.3.0.0
2026-06-23 04:12:26,423 [WARN] PackLoader:240 - Cannot read IP mode file for STMicroelectronics.X-CUBE-GNSS1.7.1.1
2026-06-23 04:12:26,427 [WARN] PackLoader:240 - Cannot read IP mode file for STMicroelectronics.FP-SNS-MOTENVWB1.1.5.0
2026-06-23 04:12:26,432 [WARN] PackLoader:240 - Cannot read IP mode file for wolfSSL.I-CUBE-wolfSSL.5.9.1
2026-06-23 04:12:26,438 [WARN] PackLoader:240 - Cannot read IP mode file for STMicroelectronics.X-CUBE-NFC10.1.0.0
2026-06-23 04:12:26,445 [WARN] PackLoader:240 - Cannot read IP mode file for STMicroelectronics.X-CUBE-ST60.1.1.0
2026-06-23 04:12:26,450 [WARN] PackLoader:240 - Cannot read IP mode file for emotas.I-CUBE-CANOPEN.1.3.0
2026-06-23 04:12:26,460 [WARN] PackLoader:240 - Cannot read IP mode file for STMicroelectronics.FP-SNS-STBOX1.2.1.0
2026-06-23 04:12:26,468 [WARN] PackLoader:240 - Cannot read IP mode file for STMicroelectronics.FP-SNS-SMARTAG2.1.2.0
2026-06-23 04:12:26,474 [WARN] PackLoader:240 - Cannot read IP mode file for STMicroelectronics.FP-SNS-FLIGHT1.5.1.0
2026-06-23 04:12:26,483 [INFO] LogOutputStream:77 - [STDOUT_REDIRECT] 1 : Invalid condition id : UX_CORESTACK_Condition cause : null
2026-06-23 04:12:26,484 [INFO] LogOutputStream:77 - [STDOUT_REDIRECT] 1 : Invalid condition id : UX_CORESTACK_Condition cause : null
2026-06-23 04:12:26,486 [INFO] LogOutputStream:77 - [STDOUT_REDIRECT] 1 : Invalid condition id : UX_CORESTACK_Condition cause : null
2026-06-23 04:12:26,488 [INFO] LogOutputStream:77 - [STDOUT_REDIRECT] 1 : Invalid condition id : UX_CORESTACK_Condition cause : null
2026-06-23 04:12:26,491 [INFO] LogOutputStream:77 - [STDOUT_REDIRECT] 1 : Invalid condition id : UX_CORESTACK_Condition cause : null
2026-06-23 04:12:26,493 [WARN] PackLoader:240 - Cannot read IP mode file for STMicroelectronics.X-CUBE-AZRTOS-WL.2.0.0
2026-06-23 04:12:26,532 [WARN] PackLoader:240 - Cannot read IP mode file for STMicroelectronics.X-CUBE-AZRTOS-H7RS.1.2.0
2026-06-23 04:12:26,557 [WARN] PackLoader:240 - Cannot read IP mode file for STMicroelectronics.X-CUBE-BLE2.3.3.0
2026-06-23 04:12:26,625 [WARN] PackLoader:240 - Cannot read IP mode file for Infineon.AIROC-Wi-Fi-Bluetooth-STM32.1.8.0
2026-06-23 04:12:26,632 [WARN] PackLoader:240 - Cannot read IP mode file for STMicroelectronics.X-CUBE-NFC9.1.0.0
2026-06-23 04:12:26,636 [WARN] PackLoader:240 - Cannot read IP mode file for STMicroelectronics.X-CUBE-BLE1.7.1.0
2026-06-23 04:12:26,639 [WARN] PackLoader:240 - Cannot read IP mode file for wolfSSL.I-CUBE-wolfMQTT.1.19.2
2026-06-23 04:12:26,644 [WARN] PackLoader:240 - Cannot read IP mode file for STMicroelectronics.X-CUBE-EEPRMA1.5.2.0
2026-06-23 04:12:26,649 [WARN] PackLoader:240 - Cannot read IP mode file for STMicroelectronics.FP-SNS-STAIOTCFT.1.1.0
2026-06-23 04:12:26,660 [WARN] PackLoader:240 - Cannot read IP mode file for STMicroelectronics.X-CUBE-AZRTOS-G0.1.1.0
2026-06-23 04:12:26,665 [WARN] PackLoader:240 - Cannot read IP mode file for STMicroelectronics.X-CUBE-NFC4.3.0.0
2026-06-23 04:12:26,672 [WARN] PackLoader:240 - Cannot read IP mode file for EmbeddedOffice.I-CUBE-FS-RTOS.1.0.1
2026-06-23 04:12:26,677 [WARN] PackLoader:240 - Cannot read IP mode file for wolfSSL.I-CUBE-wolfTPM.3.8.0
2026-06-23 04:12:26,680 [WARN] PackLoader:240 - Cannot read IP mode file for STMicroelectronics.X-CUBE-TCPP.4.2.0
2026-06-23 04:12:26,685 [WARN] PackLoader:240 - Cannot read IP mode file for RealThread.X-CUBE-RT-Thread_Nano.4.1.1
2026-06-23 04:12:26,689 [WARN] PackLoader:240 - Cannot read IP mode file for STMicroelectronics.FP-ATR-SIGFOX1.3.2.0
2026-06-23 04:12:26,693 [WARN] PackLoader:240 - Cannot read IP mode file for STMicroelectronics.X-CUBE-FREERTOS.1.5.0
2026-06-23 04:12:26,698 [WARN] PackLoader:240 - Cannot read IP mode file for ITTIA_DB.I-CUBE-ITTIADB.8.9.0
2026-06-23 04:12:26,703 [WARN] PackLoader:240 - Cannot read IP mode file for Cesanta.I-CUBE-Mongoose.7.21.7
2026-06-23 04:12:26,710 [WARN] PackLoader:240 - Cannot read IP mode file for STMicroelectronics.X-CUBE-NFC6.3.2.0
2026-06-23 04:12:26,715 [WARN] PackLoader:240 - Cannot read IP mode file for STMicroelectronics.X-CUBE-AI.10.2.0
2026-06-23 04:12:26,736 [WARN] PackLoader:240 - Cannot read IP mode file for STMicroelectronics.X-CUBE-MEMS1.12.1.0
2026-06-23 04:12:26,818 [WARN] PackLoader:240 - Cannot read IP mode file for SEGGER.I-CUBE-embOS.1.3.1
2026-06-23 04:12:26,842 [WARN] PackLoader:240 - Cannot read IP mode file for STMicroelectronics.X-CUBE-NFC13.1.0.0
2026-06-23 04:12:26,846 [WARN] PackLoader:240 - Cannot read IP mode file for STMicroelectronics.X-CUBE-PM33A1.1.0.0
2026-06-23 04:12:26,856 [WARN] PackLoader:240 - Cannot read IP mode file for STMicroelectronics.X-CUBE-AZRTOS-F4.1.1.0
2026-06-23 04:12:26,861 [WARN] PackLoader:240 - Cannot read IP mode file for STMicroelectronics.X-CUBE-ISPU.2.1.0
2026-06-23 04:12:26,869 [WARN] PackLoader:240 - Cannot read IP mode file for STMicroelectronics.X-CUBE-IPS.3.2.0
2026-06-23 04:12:26,877 [WARN] PackLoader:240 - Cannot read IP mode file for STMicroelectronics.eDS-WB_DPC_TT-BIDIR.2.1.1
2026-06-23 04:12:26,881 [WARN] PackLoader:240 - Cannot read IP mode file for STMicroelectronics.X-CUBE-NFC12.1.0.0
2026-06-23 04:12:26,890 [WARN] PackLoader:240 - Cannot read IP mode file for STMicroelectronics.X-CUBE-AZRTOS-L5.2.0.0
2026-06-23 04:12:26,895 [WARN] PackLoader:240 - Cannot read IP mode file for STMicroelectronics.X-CUBE-ALGOBUILD.1.5.0
2026-06-23 04:12:26,898 [WARN] PackLoader:240 - Cannot read IP mode file for STMicroelectronics.eDS-WB_DPC_VIENNA.1.2.0
2026-06-23 04:12:26,901 [WARN] PackLoader:240 - Cannot read IP mode file for STMicroelectronics.eDS-WB_DPC_3PH2L-BIDIR.1.1.1
2026-06-23 04:12:26,903 [ERROR] Engine:466 - C:\Users\HP\.stm32cubemx\thirdparties\pdsc\STMicroelectronics.X-CUBE-ST67W61.1.3.0.pdsc: PDSC version is not supported
2026-06-23 04:12:26,910 [WARN] PackLoader:240 - Cannot read IP mode file for STMicroelectronics.X-CUBE-TOUCHGFX.4.26.1
2026-06-23 04:12:26,914 [WARN] PackLoader:240 - Cannot read IP mode file for STMicroelectronics.X-CUBE-DPower.1.3.0
2026-06-23 04:12:26,924 [WARN] ConditionMgr:438 - getConditionDescription Invalid condition id : LAN8742 Phy interface Condition cause : null
2026-06-23 04:12:26,924 [WARN] PackLoader:240 - Cannot read IP mode file for STMicroelectronics.X-CUBE-AZRTOS-L4.2.0.0
2026-06-23 04:12:26,925 [WARN] ConditionMgr:1044 - genDependencies : Invalid condition id : LAN8742 Phy interface Condition cause : null
2026-06-23 04:12:26,925 [WARN] ConditionMgr:1044 - genDependencies : Invalid condition id : LAN8742 Phy interface Condition cause : null
2026-06-23 04:12:26,925 [WARN] ConditionMgr:1044 - genDependencies : Invalid condition id : LAN8742 Phy interface Condition cause : null
2026-06-23 04:12:26,930 [WARN] PackLoader:240 - Cannot read IP mode file for STMicroelectronics.X-CUBE-SFXS2LP1.4.0.0
2026-06-23 04:12:26,934 [WARN] PackLoader:240 - Cannot read IP mode file for STMicroelectronics.X-CUBE-WB05N.2.1.0
2026-06-23 04:12:26,945 [WARN] PackLoader:240 - Cannot read IP mode file for STMicroelectronics.X-CUBE-BLEMGR.4.1.0
2026-06-23 04:12:26,954 [WARN] ConditionMgr:438 - getConditionDescription Invalid condition id : UX DEVICE CLASS RTOS Condition cause : null
2026-06-23 04:12:26,954 [WARN] ConditionMgr:438 - getConditionDescription Invalid condition id : UX DEVICE CLASS RTOS Condition cause : null
2026-06-23 04:12:26,955 [WARN] PackLoader:240 - Cannot read IP mode file for STMicroelectronics.X-CUBE-AZRTOS-WB.2.0.0
2026-06-23 04:12:26,955 [WARN] ConditionMgr:1044 - genDependencies : Invalid condition id : UX DEVICE CLASS RTOS Condition cause : null
2026-06-23 04:12:26,955 [WARN] ConditionMgr:1044 - genDependencies : Invalid condition id : UX DEVICE CLASS RTOS Condition cause : null
2026-06-23 04:12:26,956 [WARN] ConditionMgr:1044 - genDependencies : Invalid condition id : UX DEVICE CLASS RTOS Condition cause : null
2026-06-23 04:12:26,956 [WARN] ConditionMgr:1044 - genDependencies : Invalid condition id : UX DEVICE CLASS RTOS Condition cause : null
2026-06-23 04:12:26,956 [WARN] ConditionMgr:1044 - genDependencies : Invalid condition id : UX DEVICE CLASS RTOS Condition cause : null
2026-06-23 04:12:26,961 [WARN] ConditionMgr:438 - getConditionDescription Invalid condition id : Cortex-A Device cause : null
2026-06-23 04:12:26,968 [WARN] ConditionMgr:1044 - genDependencies : Invalid condition id : Cortex-A Device cause : null
2026-06-23 04:12:26,968 [WARN] ConditionMgr:1044 - genDependencies : Invalid condition id : Cortex-A Device cause : null
2026-06-23 04:12:26,968 [WARN] ConditionMgr:1044 - genDependencies : Invalid condition id : Cortex-A Device cause : null
2026-06-23 04:12:26,975 [WARN] PackLoader:240 - Cannot read IP mode file for STMicroelectronics.X-CUBE-STSE01.2.0.0
2026-06-23 04:12:26,983 [WARN] PackLoader:240 - Cannot read IP mode file for STMicroelectronics.X-CUBE-SUBG2.5.0.0
2026-06-23 04:12:26,994 [WARN] PackLoader:240 - Cannot read IP mode file for STMicroelectronics.X-CUBE-AZRTOS-G4.2.0.0
2026-06-23 04:12:26,998 [WARN] PackLoader:240 - Cannot read IP mode file for wolfSSL.I-CUBE-wolfSSH.1.4.20
2026-06-23 04:12:27,001 [WARN] PackLoader:240 - Cannot read IP mode file for STMicroelectronics.X-CUBE-NFC7.2.0.0
2026-06-23 04:12:27,005 [WARN] PackLoader:240 - Cannot read IP mode file for STMicroelectronics.X-CUBE-ALS.1.0.2
2026-06-23 04:12:27,012 [WARN] PackLoader:240 - Cannot read IP mode file for STMicroelectronics.X-CUBE-TOF1.3.4.3
2026-06-23 04:12:27,019 [INFO] ThirdParty:978 - Integrity check success = true
2026-06-23 04:12:27,019 [INFO] IntegrityCheckThread:100 - exiting critical section [integrity check]
2026-06-23 04:12:27,019 [INFO] IntegrityCheckThread:103 - End integrity checks thread
2026-06-23 04:12:51,091 [ERROR] LogOutputStream:75 - [STDERR_REDIRECT] 
